Archive member included because of file (symbol)

.\CortexM0\ARM_GCC_484\Debug\Jahresprojekt.a(cyfitter_cfg.o)
                              .\CortexM0\ARM_GCC_484\Debug\Cm0Start.o (cyfitter_cfg)
.\CortexM0\ARM_GCC_484\Debug\Jahresprojekt.a(UART.o)
                              .\CortexM0\ARM_GCC_484\Debug\main.o (UART_Start)
.\CortexM0\ARM_GCC_484\Debug\Jahresprojekt.a(UART_UART.o)
                              .\CortexM0\ARM_GCC_484\Debug\Jahresprojekt.a(UART.o) (UART_UartInit)
.\CortexM0\ARM_GCC_484\Debug\Jahresprojekt.a(CapSense_CSD.o)
                              .\CortexM0\ARM_GCC_484\Debug\main.o (CapSense_CSD_Start)
.\CortexM0\ARM_GCC_484\Debug\Jahresprojekt.a(CapSense_CSD_CSHL.o)
                              .\CortexM0\ARM_GCC_484\Debug\proximity.o (CapSense_CSD_sensorSignal)
.\CortexM0\ARM_GCC_484\Debug\Jahresprojekt.a(CapSense_CSD_INT.o)
                              .\CortexM0\ARM_GCC_484\Debug\Jahresprojekt.a(CapSense_CSD.o) (CapSense_CSD_ISR)
.\CortexM0\ARM_GCC_484\Debug\Jahresprojekt.a(Pin_GreenLED.o)
                              .\CortexM0\ARM_GCC_484\Debug\main.o (Pin_GreenLED_Write)
.\CortexM0\ARM_GCC_484\Debug\Jahresprojekt.a(counter_isr.o)
                              .\CortexM0\ARM_GCC_484\Debug\main.o (counter_isr_Interrupt)
.\CortexM0\ARM_GCC_484\Debug\Jahresprojekt.a(Counter_Controll_Register.o)
                              .\CortexM0\ARM_GCC_484\Debug\CCR.o (Counter_Controll_Register_Write)
.\CortexM0\ARM_GCC_484\Debug\Jahresprojekt.a(Pin_BlueLED.o)
                              .\CortexM0\ARM_GCC_484\Debug\main.o (Pin_BlueLED_Write)
.\CortexM0\ARM_GCC_484\Debug\Jahresprojekt.a(Clock.o)
                              .\CortexM0\ARM_GCC_484\Debug\main.o (Clock_Start)
.\CortexM0\ARM_GCC_484\Debug\Jahresprojekt.a(PWM.o)
                              .\CortexM0\ARM_GCC_484\Debug\main.o (PWM_Start)
.\CortexM0\ARM_GCC_484\Debug\Jahresprojekt.a(CapSense_CSD_SampleClk.o)
                              .\CortexM0\ARM_GCC_484\Debug\Jahresprojekt.a(CapSense_CSD.o) (CapSense_CSD_SampleClk_Start)
.\CortexM0\ARM_GCC_484\Debug\Jahresprojekt.a(CapSense_CSD_SenseClk.o)
                              .\CortexM0\ARM_GCC_484\Debug\Jahresprojekt.a(CapSense_CSD.o) (CapSense_CSD_SenseClk_Start)
.\CortexM0\ARM_GCC_484\Debug\Jahresprojekt.a(CyBootAsmGnu.o)
                              .\CortexM0\ARM_GCC_484\Debug\Jahresprojekt.a(cyfitter_cfg.o) (CyDelayCycles)
.\CortexM0\ARM_GCC_484\Debug\Jahresprojekt.a(CyLib.o)
                              .\CortexM0\ARM_GCC_484\Debug\Jahresprojekt.a(cyfitter_cfg.o) (CyDelayUs)
.\CortexM0\ARM_GCC_484\Debug\Jahresprojekt.a(PWM_R.o)
                              .\CortexM0\ARM_GCC_484\Debug\LED_RGB.o (PWM_R_WriteCompare)
.\CortexM0\ARM_GCC_484\Debug\Jahresprojekt.a(PWM_G.o)
                              .\CortexM0\ARM_GCC_484\Debug\LED_RGB.o (PWM_G_WriteCompare)
.\CortexM0\ARM_GCC_484\Debug\Jahresprojekt.a(PWM_B.o)
                              .\CortexM0\ARM_GCC_484\Debug\LED_RGB.o (PWM_B_WriteCompare)
.\CortexM0\ARM_GCC_484\Debug\Jahresprojekt.a(UART_SPI_UART.o)
                              .\CortexM0\ARM_GCC_484\Debug\Jahresprojekt.a(UART_UART.o) (UART_SpiUartWriteTxData)
c:/program files (x86)/cypress/psoc creator/3.1/psoc creator/import/gnu_cs/arm/4.8.4/bin/../lib/gcc/arm-none-eabi/4.8.4/armv6-m\libgcc.a(_udivsi3.o)
                              .\CortexM0\ARM_GCC_484\Debug\proximity.o (__aeabi_uidiv)
c:/program files (x86)/cypress/psoc creator/3.1/psoc creator/import/gnu_cs/arm/4.8.4/bin/../lib/gcc/arm-none-eabi/4.8.4/armv6-m\libgcc.a(_divsi3.o)
                              .\CortexM0\ARM_GCC_484\Debug\Cm0Start.o (__aeabi_idiv)
c:/program files (x86)/cypress/psoc creator/3.1/psoc creator/import/gnu_cs/arm/4.8.4/bin/../lib/gcc/arm-none-eabi/4.8.4/armv6-m\libgcc.a(_dvmd_tls.o)
                              c:/program files (x86)/cypress/psoc creator/3.1/psoc creator/import/gnu_cs/arm/4.8.4/bin/../lib/gcc/arm-none-eabi/4.8.4/armv6-m\libgcc.a(_udivsi3.o) (__aeabi_idiv0)
c:/program files (x86)/cypress/psoc creator/3.1/psoc creator/import/gnu_cs/arm/4.8.4/bin/../lib/gcc/arm-none-eabi/4.8.4/../../../../arm-none-eabi/lib/armv6-m\libg_s.a(lib_a-errno.o)
                              .\CortexM0\ARM_GCC_484\Debug\Cm0Start.o (__errno)
c:/program files (x86)/cypress/psoc creator/3.1/psoc creator/import/gnu_cs/arm/4.8.4/bin/../lib/gcc/arm-none-eabi/4.8.4/../../../../arm-none-eabi/lib/armv6-m\libg_s.a(lib_a-exit.o)
                              c:/program files (x86)/cypress/psoc creator/3.1/psoc creator/import/gnu_cs/arm/4.8.4/bin/../lib/gcc/arm-none-eabi/4.8.4/../../../../arm-none-eabi/lib/armv6-m/crt0.o (exit)
c:/program files (x86)/cypress/psoc creator/3.1/psoc creator/import/gnu_cs/arm/4.8.4/bin/../lib/gcc/arm-none-eabi/4.8.4/../../../../arm-none-eabi/lib/armv6-m\libg_s.a(lib_a-impure.o)
[...]
Memory Configuration

Name             Origin             Length             Attributes
rom              0x00000000         0x00008000         xr
ram              0x20000000         0x00001000         xrw
*default*        0x00000000         0xffffffff

Linker script and memory map

LOAD c:/program files (x86)/cypress/psoc creator/3.1/psoc creator/import/gnu_cs/arm/4.8.4/bin/../lib/gcc/arm-none-eabi/4.8.4/armv6-m/crti.o
LOAD c:/program files (x86)/cypress/psoc creator/3.1/psoc creator/import/gnu_cs/arm/4.8.4/bin/../lib/gcc/arm-none-eabi/4.8.4/armv6-m/crtbegin.o
LOAD c:/program files (x86)/cypress/psoc creator/3.1/psoc creator/import/gnu_cs/arm/4.8.4/bin/../lib/gcc/arm-none-eabi/4.8.4/../../../../arm-none-eabi/lib/armv6-m/crt0.o
START GROUP
LOAD .\CortexM0\ARM_GCC_484\Debug\main.o
LOAD .\CortexM0\ARM_GCC_484\Debug\CCR.o
LOAD .\CortexM0\ARM_GCC_484\Debug\proximity.o
LOAD .\CortexM0\ARM_GCC_484\Debug\LED_RGB.o
LOAD .\CortexM0\ARM_GCC_484\Debug\cymetadata.o
LOAD .\CortexM0\ARM_GCC_484\Debug\Cm0Start.o
LOAD .\CortexM0\ARM_GCC_484\Debug\Jahresprojekt.a
LOAD C:\Program Files (x86)\Cypress\PSoC Creator\3.1\PSoC Creator\psoc\content\cycomponentlibrary\CyComponentLibrary.cylib\CapSense_CSD_P4_v2_10\PSoC4\Library\CapsenseP4Library_GCC.a
LOAD C:\Program Files (x86)\Cypress\PSoC Creator\3.1\PSoC Creator\psoc\content\cycomponentlibrary\CyComponentLibrary.cylib\CortexM0\ARM_GCC_484\Debug\CyComponentLibrary.a
END GROUP
START GROUP
LOAD c:/program files (x86)/cypress/psoc creator/3.1/psoc creator/import/gnu_cs/arm/4.8.4/bin/../lib/gcc/arm-none-eabi/4.8.4/armv6-m\libgcc.a
LOAD c:/program files (x86)/cypress/psoc creator/3.1/psoc creator/import/gnu_cs/arm/4.8.4/bin/../lib/gcc/arm-none-eabi/4.8.4/../../../../arm-none-eabi/lib/armv6-m\libg_s.a
LOAD c:/program files (x86)/cypress/psoc creator/3.1/psoc creator/import/gnu_cs/arm/4.8.4/bin/../lib/gcc/arm-none-eabi/4.8.4/../../../../arm-none-eabi/lib/armv6-m\libc_s.a
END GROUP
START GROUP
LOAD c:/program files (x86)/cypress/psoc creator/3.1/psoc creator/import/gnu_cs/arm/4.8.4/bin/../lib/gcc/arm-none-eabi/4.8.4/armv6-m\libgcc.a
LOAD c:/program files (x86)/cypress/psoc creator/3.1/psoc creator/import/gnu_cs/arm/4.8.4/bin/../lib/gcc/arm-none-eabi/4.8.4/../../../../arm-none-eabi/lib/armv6-m\libc_s.a
END GROUP
LOAD c:/program files (x86)/cypress/psoc creator/3.1/psoc creator/import/gnu_cs/arm/4.8.4/bin/../lib/gcc/arm-none-eabi/4.8.4/armv6-m/crtend.o
LOAD c:/program files (x86)/cypress/psoc creator/3.1/psoc creator/import/gnu_cs/arm/4.8.4/bin/../lib/gcc/arm-none-eabi/4.8.4/armv6-m/crtn.o
START GROUP
LOAD c:/program files (x86)/cypress/psoc creator/3.1/psoc creator/import/gnu_cs/arm/4.8.4/bin/../lib/gcc/arm-none-eabi/4.8.4/armv6-m\libgcc.a
LOAD c:/program files (x86)/cypress/psoc creator/3.1/psoc creator/import/gnu_cs/arm/4.8.4/bin/../lib/gcc/arm-none-eabi/4.8.4/../../../../arm-none-eabi/lib/armv6-m\libc.a
LOAD c:/program files (x86)/cypress/psoc creator/3.1/psoc creator/import/gnu_cs/arm/4.8.4/bin/../lib/gcc/arm-none-eabi/4.8.4/../../../../arm-none-eabi/lib/armv6-m\libnosys.a
END GROUP
                0x00000000                CY_APPL_ORIGIN = 0x0
                0x00000080                CY_FLASH_ROW_SIZE = 0x80
                0x00000001                CY_APPL_NUM = 0x1
                0x00000040                CY_METADATA_SIZE = 0x40
                0x200001d0                PROVIDE (__cy_heap_start, _end)
                0x00000001                PROVIDE (__cy_region_num, ((__cy_regions_end - __cy_regions) / 0x10))
                0x20001000                PROVIDE (__cy_stack, (ORIGIN (ram) + 0x1000))
                0x20000c00                PROVIDE (__cy_heap_end, (__cy_stack - 0x400))

.cybootloader   0x00000000        0x0
 *(.cybootloader)
                0x00000000                appl1_start = CY_APPL_ORIGIN?CY_APPL_ORIGIN:ALIGN (CY_FLASH_ROW_SIZE)
                0x00003f80                appl2_start = (appl1_start + ALIGN ((((0x8000 - appl1_start) - (0x2 * CY_FLASH_ROW_SIZE)) / 0x2), CY_FLASH_ROW_SIZE))
                0x00000000                appl_start = (CY_APPL_NUM == 0x1)?appl1_start:appl2_start

.text           0x00000000     0x2a54
 CREATE_OBJECT_SYMBOLS
                0x00000000                PROVIDE (__cy_interrupt_vector, RomVectors)
 *(.romvectors)
 .romvectors    0x00000000       0x10 .\CortexM0\ARM_GCC_484\Debug\Cm0Start.o
                0x00000000                RomVectors
                0x00000001                ASSERT ((. != __cy_interrupt_vector), No interrupt vector)
                0x00000001                ASSERT (CY_APPL_ORIGIN?(SIZEOF (.cybootloader) <= CY_APPL_ORIGIN):0x1, Wrong image location)
                0x00000010                PROVIDE (__cy_reset, Reset)
 *(.text.Reset)
 .text.Reset    0x00000010        0x8 .\CortexM0\ARM_GCC_484\Debug\Cm0Start.o
                0x00000010                Reset
                0x00000001                ASSERT ((. != __cy_reset), No reset code)
 *(.psocinit)
 .psocinit      0x00000018      0x348 .\CortexM0\ARM_GCC_484\Debug\Jahresprojekt.a(cyfitter_cfg.o)
                0x000001b8                cyfitter_cfg
                0x00000360                . = MAX (., 0x100)
 *(.text .text.* .gnu.linkonce.t.*)
 .text          0x00000360       0x60 c:/program files (x86)/cypress/psoc creator/3.1/psoc creator/import/gnu_cs/arm/4.8.4/bin/../lib/gcc/arm-none-eabi/4.8.4/armv6-m/crtbegin.o
 .text.main     0x000003c0       0xec .\CortexM0\ARM_GCC_484\Debug\main.o
                0x000003c0                main
 .text.ccr_read_byte
                0x000004ac       0x10 .\CortexM0\ARM_GCC_484\Debug\CCR.o
                0x000004ac                ccr_read_byte
 .text.ccr_set_byte
                0x000004bc       0x1c .\CortexM0\ARM_GCC_484\Debug\CCR.o
                0x000004bc                ccr_set_byte
 .text.set_bit_CCR
                0x000004d8       0x7c .\CortexM0\ARM_GCC_484\Debug\CCR.o
                0x000004d8                set_bit_CCR
 .text.CapSense_init
                0x00000554       0x44 .\CortexM0\ARM_GCC_484\Debug\proximity.o
                0x00000554                CapSense_init
 .text.CapSense_loop_func
                0x00000598       0xd0 .\CortexM0\ARM_GCC_484\Debug\proximity.o
                0x00000598                CapSense_loop_func
 .text.LED_RGB_Start
                0x00000668       0x14 .\CortexM0\ARM_GCC_484\Debug\LED_RGB.o
                0x00000668                LED_RGB_Start
 .text.LED_RGB_DCWrite
                0x0000067c       0x50 .\CortexM0\ARM_GCC_484\Debug\LED_RGB.o
                0x0000067c                LED_RGB_DCWrite
 .text.LED_RGB_SetColorRGB
                0x000006cc       0x3c .\CortexM0\ARM_GCC_484\Debug\LED_RGB.o
                0x000006cc                LED_RGB_SetColorRGB
 .text.LED_RGB_SetColorCircle
                0x00000708      0x188 .\CortexM0\ARM_GCC_484\Debug\LED_RGB.o
                0x00000708                LED_RGB_SetColorCircle
 .text.IntDefaultHandler
                0x00000890        0x8 .\CortexM0\ARM_GCC_484\Debug\Cm0Start.o
                0x00000890                IntDefaultHandler
 .text._sbrk    0x00000898       0x50 .\CortexM0\ARM_GCC_484\Debug\Cm0Start.o
                0x00000898                _sbrk
 .text.Start_c  0x000008e8       0x98 .\CortexM0\ARM_GCC_484\Debug\Cm0Start.o
                0x000008e8                Start_c
 .text.initialize_psoc
                0x00000980       0x64 .\CortexM0\ARM_GCC_484\Debug\Cm0Start.o
                0x00000980                initialize_psoc
 .text.CYMEMZERO
                0x000009e4       0x20 .\CortexM0\ARM_GCC_484\Debug\Jahresprojekt.a(cyfitter_cfg.o)
 .text.cfg_write_bytes32
                0x00000a04       0x80 .\CortexM0\ARM_GCC_484\Debug\Jahresprojekt.a(cyfitter_cfg.o)
 .text.AnalogSetDefault
                0x00000a84       0x10 .\CortexM0\ARM_GCC_484\Debug\Jahresprojekt.a(cyfitter_cfg.o)
 .text.SetAnalogRoutingPumps
                0x00000a94       0x70 .\CortexM0\ARM_GCC_484\Debug\Jahresprojekt.a(cyfitter_cfg.o)
                0x00000a94                SetAnalogRoutingPumps
 .text.UART_Init
                0x00000b04        0xc .\CortexM0\ARM_GCC_484\Debug\Jahresprojekt.a(UART.o)
                0x00000b04                UART_Init
 .text.UART_Enable
                0x00000b10       0x20 .\CortexM0\ARM_GCC_484\Debug\Jahresprojekt.a(UART.o)
                0x00000b10                UART_Enable
 .text.UART_Start
                0x00000b30       0x24 .\CortexM0\ARM_GCC_484\Debug\Jahresprojekt.a(UART.o)
                0x00000b30                UART_Start
 .text.UART_ScbEnableIntr
                0x00000b54        0x8 .\CortexM0\ARM_GCC_484\Debug\Jahresprojekt.a(UART.o)
 .text.UART_UartInit
                0x00000b5c       0xa8 .\CortexM0\ARM_GCC_484\Debug\Jahresprojekt.a(UART_UART.o)
                0x00000b5c                UART_UartInit
 .text.UART_UartPutString
                0x00000c04       0x34 .\CortexM0\ARM_GCC_484\Debug\Jahresprojekt.a(UART_UART.o)
                0x00000c04                UART_UartPutString
 .text.CapSense_CSD_Init
                0x00000c38       0x3c .\CortexM0\ARM_GCC_484\Debug\Jahresprojekt.a(CapSense_CSD.o)
                0x00000c38                CapSense_CSD_Init
 .text.CapSense_CSD_CsdHwBlockInit
                0x00000c74       0xcc .\CortexM0\ARM_GCC_484\Debug\Jahresprojekt.a(CapSense_CSD.o)
                0x00000c74                CapSense_CSD_CsdHwBlockInit
 .text.CapSense_CSD_Enable
                0x00000d40       0x50 .\CortexM0\ARM_GCC_484\Debug\Jahresprojekt.a(CapSense_CSD.o)
                0x00000d40                CapSense_CSD_Enable
 .text.CapSense_CSD_Start
                0x00000d90       0x34 .\CortexM0\ARM_GCC_484\Debug\Jahresprojekt.a(CapSense_CSD.o)
                0x00000d90                CapSense_CSD_Start
 .text.CapSense_CSD_FindNextSensor
                0x00000dc4       0x48 .\CortexM0\ARM_GCC_484\Debug\Jahresprojekt.a(CapSense_CSD.o)
                0x00000dc4                CapSense_CSD_FindNextSensor
 .text.CapSense_CSD_ScanSensor
                0x00000e0c       0x34 .\CortexM0\ARM_GCC_484\Debug\Jahresprojekt.a(CapSense_CSD.o)
                0x00000e0c                CapSense_CSD_ScanSensor
 .text.CapSense_CSD_ScanEnabledWidgets
                0x00000e40       0x58 .\CortexM0\ARM_GCC_484\Debug\Jahresprojekt.a(CapSense_CSD.o)
                0x00000e40                CapSense_CSD_ScanEnabledWidgets
 .text.CapSense_CSD_IsBusy
                0x00000e98       0x1c .\CortexM0\ARM_GCC_484\Debug\Jahresprojekt.a(CapSense_CSD.o)
                0x00000e98                CapSense_CSD_IsBusy
 .text.CapSense_CSD_ClearSensors
                0x00000eb4       0x28 .\CortexM0\ARM_GCC_484\Debug\Jahresprojekt.a(CapSense_CSD.o)
                0x00000eb4                CapSense_CSD_ClearSensors
 .text.CapSense_CSD_EnableSensor
                0x00000edc       0xb4 .\CortexM0\ARM_GCC_484\Debug\Jahresprojekt.a(CapSense_CSD.o)
                0x00000edc                CapSense_CSD_EnableSensor
 .text.CapSense_CSD_DisableSensor
                0x00000f90      0x100 .\CortexM0\ARM_GCC_484\Debug\Jahresprojekt.a(CapSense_CSD.o)
                0x00000f90                CapSense_CSD_DisableSensor
 .text.CapSense_CSD_PreScan
                0x00001090       0xc0 .\CortexM0\ARM_GCC_484\Debug\Jahresprojekt.a(CapSense_CSD.o)
                0x00001090                CapSense_CSD_PreScan
 .text.CapSense_CSD_PostScan
                0x00001150       0x70 .\CortexM0\ARM_GCC_484\Debug\Jahresprojekt.a(CapSense_CSD.o)
                0x00001150                CapSense_CSD_PostScan
 .text.CapSense_CSD_SetShieldDelay
                0x000011c0       0x30 .\CortexM0\ARM_GCC_484\Debug\Jahresprojekt.a(CapSense_CSD.o)
                0x000011c0                CapSense_CSD_SetShieldDelay
 .text.CapSense_CSD_GetBitValue
                0x000011f0       0x44 .\CortexM0\ARM_GCC_484\Debug\Jahresprojekt.a(CapSense_CSD.o)
                0x000011f0                CapSense_CSD_GetBitValue
 .text.CapSense_CSD_SetBitValue
                0x00001234       0x68 .\CortexM0\ARM_GCC_484\Debug\Jahresprojekt.a(CapSense_CSD.o)
                0x00001234                CapSense_CSD_SetBitValue
 .text.CapSense_CSD_BaseInit
                0x0000129c       0x78 .\CortexM0\ARM_GCC_484\Debug\Jahresprojekt.a(CapSense_CSD_CSHL.o)
                0x0000129c                CapSense_CSD_BaseInit
 .text.CapSense_CSD_InitializeSensorBaseline
                0x00001314       0x2c .\CortexM0\ARM_GCC_484\Debug\Jahresprojekt.a(CapSense_CSD_CSHL.o)
                0x00001314                CapSense_CSD_InitializeSensorBaseline
 .text.CapSense_CSD_InitializeAllBaselines
                0x00001340       0x28 .\CortexM0\ARM_GCC_484\Debug\Jahresprojekt.a(CapSense_CSD_CSHL.o)
                0x00001340                CapSense_CSD_InitializeAllBaselines
 .text.CapSense_CSD_UpdateBaselineNoThreshold
                0x00001368      0x1d4 .\CortexM0\ARM_GCC_484\Debug\Jahresprojekt.a(CapSense_CSD_CSHL.o)
                0x00001368                CapSense_CSD_UpdateBaselineNoThreshold
 .text.CapSense_CSD_UpdateSensorBaseline
                0x0000153c       0x18 .\CortexM0\ARM_GCC_484\Debug\Jahresprojekt.a(CapSense_CSD_CSHL.o)
                0x0000153c                CapSense_CSD_UpdateSensorBaseline
 .text.CapSense_CSD_UpdateEnabledBaselines
                0x00001554       0x40 .\CortexM0\ARM_GCC_484\Debug\Jahresprojekt.a(CapSense_CSD_CSHL.o)
                0x00001554                CapSense_CSD_UpdateEnabledBaselines
 .text.CapSense_CSD_EnableWidget
                0x00001594       0x5c .\CortexM0\ARM_GCC_484\Debug\Jahresprojekt.a(CapSense_CSD_CSHL.o)
                0x00001594                CapSense_CSD_EnableWidget
 .text.CapSense_CSD_IIR4Filter
                0x000015f0       0x3c .\CortexM0\ARM_GCC_484\Debug\Jahresprojekt.a(CapSense_CSD_CSHL.o)
                0x000015f0                CapSense_CSD_IIR4Filter
 .text.CapSense_CSD_ISR
                0x0000162c       0xd4 .\CortexM0\ARM_GCC_484\Debug\Jahresprojekt.a(CapSense_CSD_INT.o)
                0x0000162c                CapSense_CSD_ISR
 .text.Pin_GreenLED_Write
                0x00001700       0x4c .\CortexM0\ARM_GCC_484\Debug\Jahresprojekt.a(Pin_GreenLED.o)
                0x00001700                Pin_GreenLED_Write
 .text.counter_isr_StartEx
                0x0000174c       0x24 .\CortexM0\ARM_GCC_484\Debug\Jahresprojekt.a(counter_isr.o)
                0x0000174c                counter_isr_StartEx
 .text.counter_isr_Interrupt
                0x00001770       0x38 .\CortexM0\ARM_GCC_484\Debug\Jahresprojekt.a(counter_isr.o)
                0x00001770                counter_isr_Interrupt
 .text.counter_isr_SetVector
                0x000017a8       0x1c .\CortexM0\ARM_GCC_484\Debug\Jahresprojekt.a(counter_isr.o)
                0x000017a8                counter_isr_SetVector
 .text.counter_isr_SetPriority
                0x000017c4       0x4c .\CortexM0\ARM_GCC_484\Debug\Jahresprojekt.a(counter_isr.o)
                0x000017c4                counter_isr_SetPriority
 .text.counter_isr_Enable
                0x00001810       0x14 .\CortexM0\ARM_GCC_484\Debug\Jahresprojekt.a(counter_isr.o)
                0x00001810                counter_isr_Enable
 .text.counter_isr_Disable
                0x00001824       0x14 .\CortexM0\ARM_GCC_484\Debug\Jahresprojekt.a(counter_isr.o)
                0x00001824                counter_isr_Disable
 .text.Counter_Controll_Register_Write
                0x00001838       0x20 .\CortexM0\ARM_GCC_484\Debug\Jahresprojekt.a(Counter_Controll_Register.o)
                0x00001838                Counter_Controll_Register_Write
 .text.Counter_Controll_Register_Read
                0x00001858       0x14 .\CortexM0\ARM_GCC_484\Debug\Jahresprojekt.a(Counter_Controll_Register.o)
                0x00001858                Counter_Controll_Register_Read
 .text.Pin_BlueLED_Write
                0x0000186c       0x4c .\CortexM0\ARM_GCC_484\Debug\Jahresprojekt.a(Pin_BlueLED.o)
                0x0000186c                Pin_BlueLED_Write
 .text.Clock_Start
                0x000018b8       0x1c .\CortexM0\ARM_GCC_484\Debug\Jahresprojekt.a(Clock.o)
                0x000018b8                Clock_Start
 .text.PWM_Init
                0x000018d4       0x5c .\CortexM0\ARM_GCC_484\Debug\Jahresprojekt.a(PWM.o)
                0x000018d4                PWM_Init
 .text.PWM_Enable
                0x00001930       0x30 .\CortexM0\ARM_GCC_484\Debug\Jahresprojekt.a(PWM.o)
                0x00001930                PWM_Enable
 .text.PWM_Start
                0x00001960       0x24 .\CortexM0\ARM_GCC_484\Debug\Jahresprojekt.a(PWM.o)
                0x00001960                PWM_Start
 .text.PWM_WriteCounter
                0x00001984       0x1c .\CortexM0\ARM_GCC_484\Debug\Jahresprojekt.a(PWM.o)
                0x00001984                PWM_WriteCounter
 .text.PWM_WritePeriod
                0x000019a0       0x1c .\CortexM0\ARM_GCC_484\Debug\Jahresprojekt.a(PWM.o)
                0x000019a0                PWM_WritePeriod
 .text.PWM_WriteCompare
                0x000019bc       0x1c .\CortexM0\ARM_GCC_484\Debug\Jahresprojekt.a(PWM.o)
                0x000019bc                PWM_WriteCompare
 .text.PWM_SetInterruptMode
                0x000019d8       0x18 .\CortexM0\ARM_GCC_484\Debug\Jahresprojekt.a(PWM.o)
                0x000019d8                PWM_SetInterruptMode
 .text.PWM_GetInterruptSourceMasked
                0x000019f0       0x14 .\CortexM0\ARM_GCC_484\Debug\Jahresprojekt.a(PWM.o)
                0x000019f0                PWM_GetInterruptSourceMasked
 .text.PWM_ClearInterrupt
                0x00001a04       0x18 .\CortexM0\ARM_GCC_484\Debug\Jahresprojekt.a(PWM.o)
                0x00001a04                PWM_ClearInterrupt
 .text.CapSense_CSD_SampleClk_Start
                0x00001a1c       0x1c .\CortexM0\ARM_GCC_484\Debug\Jahresprojekt.a(CapSense_CSD_SampleClk.o)
                0x00001a1c                CapSense_CSD_SampleClk_Start
 .text.CapSense_CSD_SampleClk_Stop
                0x00001a38       0x18 .\CortexM0\ARM_GCC_484\Debug\Jahresprojekt.a(CapSense_CSD_SampleClk.o)
                0x00001a38                CapSense_CSD_SampleClk_Stop
 .text.CapSense_CSD_SampleClk_SetFractionalDividerRegister
                0x00001a50       0x38 .\CortexM0\ARM_GCC_484\Debug\Jahresprojekt.a(CapSense_CSD_SampleClk.o)
                0x00001a50                CapSense_CSD_SampleClk_SetFractionalDividerRegister
 .text.CapSense_CSD_SenseClk_Start
                0x00001a88       0x1c .\CortexM0\ARM_GCC_484\Debug\Jahresprojekt.a(CapSense_CSD_SenseClk.o)
                0x00001a88                CapSense_CSD_SenseClk_Start
 .text.CapSense_CSD_SenseClk_Stop
                0x00001aa4       0x18 .\CortexM0\ARM_GCC_484\Debug\Jahresprojekt.a(CapSense_CSD_SenseClk.o)
                0x00001aa4                CapSense_CSD_SenseClk_Stop
 .text.CapSense_CSD_SenseClk_SetFractionalDividerRegister
                0x00001abc       0x38 .\CortexM0\ARM_GCC_484\Debug\Jahresprojekt.a(CapSense_CSD_SenseClk.o)
                0x00001abc                CapSense_CSD_SenseClk_SetFractionalDividerRegister
 *fill*         0x00001af4        0x4 
 .text          0x00001af8       0x28 .\CortexM0\ARM_GCC_484\Debug\Jahresprojekt.a(CyBootAsmGnu.o)
                0x00001af8                CyDelayCycles
                0x00001b0c                CyEnterCriticalSection
                0x00001b14                CyExitCriticalSection
 .text.CyIntSetVector
                0x00001b20       0x4c .\CortexM0\ARM_GCC_484\Debug\Jahresprojekt.a(CyLib.o)
                0x00001b20                CyIntSetVector
 .text.CyIntSetPriority
                0x00001b6c       0xa8 .\CortexM0\ARM_GCC_484\Debug\Jahresprojekt.a(CyLib.o)
                0x00001b6c                CyIntSetPriority
 .text.CyIntEnable
                0x00001c14       0x2c .\CortexM0\ARM_GCC_484\Debug\Jahresprojekt.a(CyLib.o)
                0x00001c14                CyIntEnable
 .text.CyIntDisable
                0x00001c40       0x2c .\CortexM0\ARM_GCC_484\Debug\Jahresprojekt.a(CyLib.o)
                0x00001c40                CyIntDisable
 .text.CyHalt   0x00001c6c       0x14 .\CortexM0\ARM_GCC_484\Debug\Jahresprojekt.a(CyLib.o)
                0x00001c6c                CyHalt
 .text.CyDelay  0x00001c80       0x48 .\CortexM0\ARM_GCC_484\Debug\Jahresprojekt.a(CyLib.o)
                0x00001c80                CyDelay
 .text.CyDelayUs
                0x00001cc8       0x28 .\CortexM0\ARM_GCC_484\Debug\Jahresprojekt.a(CyLib.o)
                0x00001cc8                CyDelayUs
 .text.PWM_R_Init
                0x00001cf0       0x58 .\CortexM0\ARM_GCC_484\Debug\Jahresprojekt.a(PWM_R.o)
                0x00001cf0                PWM_R_Init
 .text.PWM_R_Enable
                0x00001d48       0x38 .\CortexM0\ARM_GCC_484\Debug\Jahresprojekt.a(PWM_R.o)
                0x00001d48                PWM_R_Enable
 .text.PWM_R_Start
                0x00001d80       0x24 .\CortexM0\ARM_GCC_484\Debug\Jahresprojekt.a(PWM_R.o)
                0x00001d80                PWM_R_Start
 .text.PWM_R_WriteCounter
                0x00001da4       0x1c .\CortexM0\ARM_GCC_484\Debug\Jahresprojekt.a(PWM_R.o)
                0x00001da4                PWM_R_WriteCounter
 .text.PWM_R_WritePeriod
                0x00001dc0       0x1c .\CortexM0\ARM_GCC_484\Debug\Jahresprojekt.a(PWM_R.o)
                0x00001dc0                PWM_R_WritePeriod
 .text.PWM_R_WriteCompare
                0x00001ddc       0x1c .\CortexM0\ARM_GCC_484\Debug\Jahresprojekt.a(PWM_R.o)
                0x00001ddc                PWM_R_WriteCompare
 .text.PWM_R_TriggerCommand
                0x00001df8       0x3c .\CortexM0\ARM_GCC_484\Debug\Jahresprojekt.a(PWM_R.o)
                0x00001df8                PWM_R_TriggerCommand
 .text.PWM_R_SetInterruptMode
                0x00001e34       0x18 .\CortexM0\ARM_GCC_484\Debug\Jahresprojekt.a(PWM_R.o)
                0x00001e34                PWM_R_SetInterruptMode
 .text.PWM_G_Init
                0x00001e4c       0x58 .\CortexM0\ARM_GCC_484\Debug\Jahresprojekt.a(PWM_G.o)
                0x00001e4c                PWM_G_Init
 .text.PWM_G_Enable
                0x00001ea4       0x38 .\CortexM0\ARM_GCC_484\Debug\Jahresprojekt.a(PWM_G.o)
                0x00001ea4                PWM_G_Enable
 .text.PWM_G_Start
                0x00001edc       0x24 .\CortexM0\ARM_GCC_484\Debug\Jahresprojekt.a(PWM_G.o)
                0x00001edc                PWM_G_Start
 .text.PWM_G_WriteCounter
                0x00001f00       0x1c .\CortexM0\ARM_GCC_484\Debug\Jahresprojekt.a(PWM_G.o)
                0x00001f00                PWM_G_WriteCounter
 .text.PWM_G_WritePeriod
                0x00001f1c       0x1c .\CortexM0\ARM_GCC_484\Debug\Jahresprojekt.a(PWM_G.o)
                0x00001f1c                PWM_G_WritePeriod
 .text.PWM_G_WriteCompare
                0x00001f38       0x1c .\CortexM0\ARM_GCC_484\Debug\Jahresprojekt.a(PWM_G.o)
                0x00001f38                PWM_G_WriteCompare
 .text.PWM_G_TriggerCommand
                0x00001f54       0x3c .\CortexM0\ARM_GCC_484\Debug\Jahresprojekt.a(PWM_G.o)
                0x00001f54                PWM_G_TriggerCommand
 .text.PWM_G_SetInterruptMode
                0x00001f90       0x18 .\CortexM0\ARM_GCC_484\Debug\Jahresprojekt.a(PWM_G.o)
                0x00001f90                PWM_G_SetInterruptMode
 .text.PWM_B_Init
                0x00001fa8       0x58 .\CortexM0\ARM_GCC_484\Debug\Jahresprojekt.a(PWM_B.o)
                0x00001fa8                PWM_B_Init
 .text.PWM_B_Enable
                0x00002000       0x38 .\CortexM0\ARM_GCC_484\Debug\Jahresprojekt.a(PWM_B.o)
                0x00002000                PWM_B_Enable
 .text.PWM_B_Start
                0x00002038       0x24 .\CortexM0\ARM_GCC_484\Debug\Jahresprojekt.a(PWM_B.o)
                0x00002038                PWM_B_Start
 .text.PWM_B_WriteCounter
                0x0000205c       0x1c .\CortexM0\ARM_GCC_484\Debug\Jahresprojekt.a(PWM_B.o)
                0x0000205c                PWM_B_WriteCounter
 .text.PWM_B_WritePeriod
                0x00002078       0x1c .\CortexM0\ARM_GCC_484\Debug\Jahresprojekt.a(PWM_B.o)
                0x00002078                PWM_B_WritePeriod
 .text.PWM_B_WriteCompare
                0x00002094       0x1c .\CortexM0\ARM_GCC_484\Debug\Jahresprojekt.a(PWM_B.o)
                0x00002094                PWM_B_WriteCompare
 .text.PWM_B_TriggerCommand
                0x000020b0       0x3c .\CortexM0\ARM_GCC_484\Debug\Jahresprojekt.a(PWM_B.o)
                0x000020b0                PWM_B_TriggerCommand
 .text.PWM_B_SetInterruptMode
                0x000020ec       0x18 .\CortexM0\ARM_GCC_484\Debug\Jahresprojekt.a(PWM_B.o)
                0x000020ec                PWM_B_SetInterruptMode
 .text.UART_SpiUartWriteTxData
                0x00002104       0x2c .\CortexM0\ARM_GCC_484\Debug\Jahresprojekt.a(UART_SPI_UART.o)
                0x00002104                UART_SpiUartWriteTxData
 .text          0x00002130       0x9c c:/program files (x86)/cypress/psoc creator/3.1/psoc creator/import/gnu_cs/arm/4.8.4/bin/../lib/gcc/arm-none-eabi/4.8.4/armv6-m\libgcc.a(_udivsi3.o)
                0x00002130                __aeabi_uidiv
                0x00002130                __udivsi3
                0x000021b8                __aeabi_uidivmod
 .text          0x000021cc        0x4 c:/program files (x86)/cypress/psoc creator/3.1/psoc creator/import/gnu_cs/arm/4.8.4/bin/../lib/gcc/arm-none-eabi/4.8.4/armv6-m\libgcc.a(_dvmd_tls.o)
                0x000021cc                __aeabi_idiv0
                0x000021cc                __aeabi_ldiv0
 .text.__errno  0x000021d0        0xc c:/program files (x86)/cypress/psoc creator/3.1/psoc creator/import/gnu_cs/arm/4.8.4/bin/../lib/gcc/arm-none-eabi/4.8.4/../../../../arm-none-eabi/lib/armv6-m\libg_s.a(lib_a-errno.o)
                0x000021d0                __errno
 .text.__libc_init_array
                0x000021dc       0x4c c:/program files (x86)/cypress/psoc creator/3.1/psoc creator/import/gnu_cs/arm/4.8.4/bin/../lib/gcc/arm-none-eabi/4.8.4/../../../../arm-none-eabi/lib/armv6-m\libg_s.a(lib_a-init.o)
                0x000021dc                __libc_init_array
 .text.memcpy   0x00002228       0x12 c:/program files (x86)/cypress/psoc creator/3.1/psoc creator/import/gnu_cs/arm/4.8.4/bin/../lib/gcc/arm-none-eabi/4.8.4/../../../../arm-none-eabi/lib/armv6-m\libg_s.a(lib_a-memcpy-stub.o)
                0x00002228                memcpy
 .text.memset   0x0000223a       0x10 c:/program files (x86)/cypress/psoc creator/3.1/psoc creator/import/gnu_cs/arm/4.8.4/bin/../lib/gcc/arm-none-eabi/4.8.4/../../../../arm-none-eabi/lib/armv6-m\libg_s.a(lib_a-memset.o)
                0x0000223a                memset
 *fill*         0x0000224a        0x2 
 .text.sprintf  0x0000224c       0x44 c:/program files (x86)/cypress/psoc creator/3.1/psoc creator/import/gnu_cs/arm/4.8.4/bin/../lib/gcc/arm-none-eabi/4.8.4/../../../../arm-none-eabi/lib/armv6-m\libg_s.a(lib_a-sprintf.o)
                0x0000224c                siprintf
                0x0000224c                sprintf
 .text.__ssputs_r
                0x00002290       0xc0 c:/program files (x86)/cypress/psoc creator/3.1/psoc creator/import/gnu_cs/arm/4.8.4/bin/../lib/gcc/arm-none-eabi/4.8.4/../../../../arm-none-eabi/lib/armv6-m\libg_s.a(lib_a-svfprintf.o)
                0x00002290                __ssputs_r
 .text._svfprintf_r
                0x00002350      0x1e0 c:/program files (x86)/cypress/psoc creator/3.1/psoc creator/import/gnu_cs/arm/4.8.4/bin/../lib/gcc/arm-none-eabi/4.8.4/../../../../arm-none-eabi/lib/armv6-m\libg_s.a(lib_a-svfprintf.o)
                0x00002350                _svfiprintf_r
                0x00002350                _svfprintf_r
 .text._printf_common
                0x00002530       0xe8 c:/program files (x86)/cypress/psoc creator/3.1/psoc creator/import/gnu_cs/arm/4.8.4/bin/../lib/gcc/arm-none-eabi/4.8.4/../../../../arm-none-eabi/lib/armv6-m\libg_s.a(lib_a-vfprintf_i.o)
                0x00002530                _printf_common
 .text._printf_i
                0x00002618      0x22c c:/program files (x86)/cypress/psoc creator/3.1/psoc creator/import/gnu_cs/arm/4.8.4/bin/../lib/gcc/arm-none-eabi/4.8.4/../../../../arm-none-eabi/lib/armv6-m\libg_s.a(lib_a-vfprintf_i.o)
                0x00002618                _printf_i
 .text.memchr   0x00002844       0x16 c:/program files (x86)/cypress/psoc creator/3.1/psoc creator/import/gnu_cs/arm/4.8.4/bin/../lib/gcc/arm-none-eabi/4.8.4/../../../../arm-none-eabi/lib/armv6-m\libg_s.a(lib_a-memchr-stub.o)
                0x00002844                memchr
 .text.memmove  0x0000285a       0x32 c:/program files (x86)/cypress/psoc creator/3.1/psoc creator/import/gnu_cs/arm/4.8.4/bin/../lib/gcc/arm-none-eabi/4.8.4/../../../../arm-none-eabi/lib/armv6-m\libg_s.a(lib_a-memmove.o)
                0x0000285a                memmove
 .text._free_r  0x0000288c       0x90 c:/program files (x86)/cypress/psoc creator/3.1/psoc creator/import/gnu_cs/arm/4.8.4/bin/../lib/gcc/arm-none-eabi/4.8.4/../../../../arm-none-eabi/lib/armv6-m\libg_s.a(lib_a-nano-freer.o)
                0x0000288c                _free_r
 .text._malloc_r
                0x0000291c       0xa8 c:/program files (x86)/cypress/psoc creator/3.1/psoc creator/import/gnu_cs/arm/4.8.4/bin/../lib/gcc/arm-none-eabi/4.8.4/../../../../arm-none-eabi/lib/armv6-m\libg_s.a(lib_a-nano-mallocr.o)
                0x0000291c                _malloc_r
 .text._realloc_r
                0x000029c4       0x4c c:/program files (x86)/cypress/psoc creator/3.1/psoc creator/import/gnu_cs/arm/4.8.4/bin/../lib/gcc/arm-none-eabi/4.8.4/../../../../arm-none-eabi/lib/armv6-m\libg_s.a(lib_a-nano-reallocr.o)
                0x000029c4                _realloc_r
 .text._sbrk_r  0x00002a10       0x24 c:/program files (x86)/cypress/psoc creator/3.1/psoc creator/import/gnu_cs/arm/4.8.4/bin/../lib/gcc/arm-none-eabi/4.8.4/../../../../arm-none-eabi/lib/armv6-m\libg_s.a(lib_a-sbrkr.o)
                0x00002a10                _sbrk_r
 .text.strlen   0x00002a34        0xe c:/program files (x86)/cypress/psoc creator/3.1/psoc creator/import/gnu_cs/arm/4.8.4/bin/../lib/gcc/arm-none-eabi/4.8.4/../../../../arm-none-eabi/lib/armv6-m\libg_s.a(lib_a-strlen.o)
                0x00002a34                strlen
 .text._malloc_usable_size_r
                0x00002a42       0x12 c:/program files (x86)/cypress/psoc creator/3.1/psoc creator/import/gnu_cs/arm/4.8.4/bin/../lib/gcc/arm-none-eabi/4.8.4/../../../../arm-none-eabi/lib/armv6-m\libg_s.a(lib_a-nano-msizer.o)
                0x00002a42                _malloc_usable_size_r
 *(.plt)
 *(.gnu.warning)
 *(.glue_7t)
 .glue_7t       0x00000000        0x0 linker stubs
 *(.glue_7)
 .glue_7        0x00000000        0x0 linker stubs
 *(.vfp11_veneer)
 .vfp11_veneer  0x00000000        0x0 linker stubs
 *(.bootloader)
 *(.ARM.extab* .gnu.linkonce.armextab.*)
 *(.gcc_except_table)

.v4_bx          0x00002a54        0x0
 .v4_bx         0x00000000        0x0 linker stubs

.iplt           0x00002a54        0x0
 .iplt          0x00000000        0x0 c:/program files (x86)/cypress/psoc creator/3.1/psoc creator/import/gnu_cs/arm/4.8.4/bin/../lib/gcc/arm-none-eabi/4.8.4/armv6-m/crtbegin.o

.eh_frame_hdr
 *(.eh_frame_hdr)

.eh_frame       0x00002a54        0x4
 *(.eh_frame)
 .eh_frame      0x00002a54        0x0 c:/program files (x86)/cypress/psoc creator/3.1/psoc creator/import/gnu_cs/arm/4.8.4/bin/../lib/gcc/arm-none-eabi/4.8.4/armv6-m/crtbegin.o
 .eh_frame      0x00002a54        0x4 c:/program files (x86)/cypress/psoc creator/3.1/psoc creator/import/gnu_cs/arm/4.8.4/bin/../lib/gcc/arm-none-eabi/4.8.4/armv6-m/crtend.o
                0x00002a58                PROVIDE (__exidx_start, .)

.ARM.exidx
 *(.ARM.exidx* .gnu.linkonce.armexidx.*)
                0x00002a58                __exidx_end = .

.rodata         0x00002a58      0x200
 *(.rodata .rodata.* .gnu.linkonce.r.*)
 .rodata        0x00002a58       0x88 .\CortexM0\ARM_GCC_484\Debug\main.o
 .rodata        0x00002ae0       0x14 .\CortexM0\ARM_GCC_484\Debug\proximity.o
 .rodata        0x00002af4       0x9c .\CortexM0\ARM_GCC_484\Debug\Jahresprojekt.a(cyfitter_cfg.o)
 .rodata        0x00002b90       0x58 .\CortexM0\ARM_GCC_484\Debug\Jahresprojekt.a(CapSense_CSD.o)
                0x00002b90                CapSense_CSD_portTable
                0x00002b94                CapSense_CSD_maskTable
                0x00002b98                CapSense_CSD_pinShiftTbl
                0x00002b9c                CapSense_CSD_modulationIDAC
                0x00002ba0                CapSense_CSD_widgetResolution
                0x00002ba4                CapSense_CSD_senseClkDividerVal
                0x00002ba5                CapSense_CSD_sampleClkDividerVal
                0x00002ba8                CapSense_CSD_widgetNumber
                0x00002bac                CapSense_CSD_prtSelTbl
                0x00002bc0                CapSense_CSD_prtCfgTbl
                0x00002bd4                CapSense_CSD_prtDRTbl
 .rodata.str1.1
                0x00002be8        0x2 c:/program files (x86)/cypress/psoc creator/3.1/psoc creator/import/gnu_cs/arm/4.8.4/bin/../lib/gcc/arm-none-eabi/4.8.4/../../../../arm-none-eabi/lib/armv6-m\libg_s.a(lib_a-impure.o)
 .rodata.str1.1
                0x00002bea       0x11 c:/program files (x86)/cypress/psoc creator/3.1/psoc creator/import/gnu_cs/arm/4.8.4/bin/../lib/gcc/arm-none-eabi/4.8.4/../../../../arm-none-eabi/lib/armv6-m\libg_s.a(lib_a-svfprintf.o)
 .rodata.str1.1
                0x00002bfb       0x22 c:/program files (x86)/cypress/psoc creator/3.1/psoc creator/import/gnu_cs/arm/4.8.4/bin/../lib/gcc/arm-none-eabi/4.8.4/../../../../arm-none-eabi/lib/armv6-m\libg_s.a(lib_a-vfprintf_i.o)
                0x00002c20                . = ALIGN (0x4)
 *fill*         0x00002c1d        0x3 
 *(.init)
 .init          0x00002c20        0x4 c:/program files (x86)/cypress/psoc creator/3.1/psoc creator/import/gnu_cs/arm/4.8.4/bin/../lib/gcc/arm-none-eabi/4.8.4/armv6-m/crti.o
                0x00002c20                _init
 .init          0x00002c24        0x8 c:/program files (x86)/cypress/psoc creator/3.1/psoc creator/import/gnu_cs/arm/4.8.4/bin/../lib/gcc/arm-none-eabi/4.8.4/armv6-m/crtn.o
                0x00002c2c                . = ALIGN (0x4)
                0x00002c2c                __preinit_array_start = .
 *(.preinit_array)
                0x00002c2c                __preinit_array_end = .
                0x00002c2c                . = ALIGN (0x4)
                0x00002c2c                __init_array_start = .
 *(SORT(.init_array.*))
 *(.init_array)
 .init_array    0x00002c2c        0x4 c:/program files (x86)/cypress/psoc creator/3.1/psoc creator/import/gnu_cs/arm/4.8.4/bin/../lib/gcc/arm-none-eabi/4.8.4/armv6-m/crtbegin.o
 .init_array    0x00002c30        0x4 .\CortexM0\ARM_GCC_484\Debug\Cm0Start.o
                0x00002c34                __init_array_end = .
                0x00002c34                . = ALIGN (0x4)
 *(.fini)
 .fini          0x00002c34        0x4 c:/program files (x86)/cypress/psoc creator/3.1/psoc creator/import/gnu_cs/arm/4.8.4/bin/../lib/gcc/arm-none-eabi/4.8.4/armv6-m/crti.o
                0x00002c34                _fini
 .fini          0x00002c38        0x8 c:/program files (x86)/cypress/psoc creator/3.1/psoc creator/import/gnu_cs/arm/4.8.4/bin/../lib/gcc/arm-none-eabi/4.8.4/armv6-m/crtn.o
                0x00002c40                . = ALIGN (0x4)
                0x00002c40                __fini_array_start = .
 *(.fini_array)
 .fini_array    0x00002c40        0x4 c:/program files (x86)/cypress/psoc creator/3.1/psoc creator/import/gnu_cs/arm/4.8.4/bin/../lib/gcc/arm-none-eabi/4.8.4/armv6-m/crtbegin.o
 *(SORT(.fini_array.*))
                0x00002c44                __fini_array_end = .
                0x00002c44                . = ALIGN (0x4)
 *crtbegin.o(.ctors)
 *(EXCLUDE_FILE(*crtend.o) .ctors)
 *(SORT(.ctors.*))
 *crtend.o(.ctors)
                0x00002c44                . = ALIGN (0x4)
 *crtbegin.o(.dtors)
 *(EXCLUDE_FILE(*crtend.o) .dtors)
 *(SORT(.dtors.*))
 *crtend.o(.dtors)
                0x00002c44                . = ALIGN (0x4)
                0x00002c44                __cy_regions = .
                0x00002c44        0x4 LONG 0x2c58 __cy_region_init_ram
                0x00002c48        0x4 LONG 0x200000c8 __cy_region_start_data
                0x00002c4c        0x4 LONG 0x88 __cy_region_init_size_ram
                0x00002c50        0x4 LONG 0x80 __cy_region_zero_size_ram
                0x00002c54                __cy_regions_end = .
                0x00002c58                . = ALIGN (0x8)
 *fill*         0x00002c54        0x4 
                0x00002c58                _etext = .

.ramvectors     0x20000000       0xc0
                0x20000000                __cy_region_start_ram = .
 *(.ramvectors)
 .ramvectors    0x20000000       0xc0 .\CortexM0\ARM_GCC_484\Debug\Cm0Start.o
                0x20000000                CyRamVectors

.noinit         0x200000c0        0x4
 *(.noinit)
 .noinit        0x200000c0        0x4 .\CortexM0\ARM_GCC_484\Debug\Cm0Start.o

.data           0x200000c8       0x88 load address 0x00002c58
                0x200000c8                __cy_region_start_data = .
 *(.jcr)
 .jcr           0x200000c8        0x0 c:/program files (x86)/cypress/psoc creator/3.1/psoc creator/import/gnu_cs/arm/4.8.4/bin/../lib/gcc/arm-none-eabi/4.8.4/armv6-m/crtbegin.o
 .jcr           0x200000c8        0x4 c:/program files (x86)/cypress/psoc creator/3.1/psoc creator/import/gnu_cs/arm/4.8.4/bin/../lib/gcc/arm-none-eabi/4.8.4/armv6-m/crtend.o
 *(.got.plt)
 *(.got)
 *(.shdata)
 *(.data .data.* .gnu.linkonce.d.*)
 .data          0x200000cc        0x4 .\CortexM0\ARM_GCC_484\Debug\Cm0Start.o
 .data          0x200000d0        0x4 .\CortexM0\ARM_GCC_484\Debug\Jahresprojekt.a(cyfitter_cfg.o)
 .data          0x200000d4        0x4 .\CortexM0\ARM_GCC_484\Debug\Jahresprojekt.a(CapSense_CSD_CSHL.o)
                0x200000d4                CapSense_CSD_lowBaselineReset
                0x200000d5                CapSense_CSD_enableRawFilters
 .data          0x200000d8       0x10 .\CortexM0\ARM_GCC_484\Debug\Jahresprojekt.a(CyLib.o)
                0x200000d8                cydelayFreqHz
                0x200000dc                cydelayFreqKhz
                0x200000e0                cydelayFreqMhz
                0x200000e4                cydelay32kMs
 .data.impure_data
                0x200000e8       0x60 c:/program files (x86)/cypress/psoc creator/3.1/psoc creator/import/gnu_cs/arm/4.8.4/bin/../lib/gcc/arm-none-eabi/4.8.4/../../../../arm-none-eabi/lib/armv6-m\libg_s.a(lib_a-impure.o)
 .data._impure_ptr
                0x20000148        0x4 c:/program files (x86)/cypress/psoc creator/3.1/psoc creator/import/gnu_cs/arm/4.8.4/bin/../lib/gcc/arm-none-eabi/4.8.4/../../../../arm-none-eabi/lib/armv6-m\libg_s.a(lib_a-impure.o)
                0x20000148                _impure_ptr
                0x20000150                . = ALIGN (0x8)
 *fill*         0x2000014c        0x4 
 *(.ram)
                0x20000150                _edata = .

.igot.plt       0x20000150        0x0 load address 0x00002ce0
 .igot.plt      0x00000000        0x0 c:/program files (x86)/cypress/psoc creator/3.1/psoc creator/import/gnu_cs/arm/4.8.4/bin/../lib/gcc/arm-none-eabi/4.8.4/armv6-m/crtbegin.o

.bss            0x20000150       0x80 load address 0x00002ce0
                0x20000150                PROVIDE (__bss_start__, .)
 *(.shbss)
 *(.bss .bss.* .gnu.linkonce.b.*)
 .bss           0x20000150       0x1c c:/program files (x86)/cypress/psoc creator/3.1/psoc creator/import/gnu_cs/arm/4.8.4/bin/../lib/gcc/arm-none-eabi/4.8.4/armv6-m/crtbegin.o
 .bss           0x2000016c        0x8 .\CortexM0\ARM_GCC_484\Debug\Jahresprojekt.a(UART.o)
                0x2000016c                UART_initVar
                0x20000170                UART_customIntrHandler
 .bss           0x20000174        0xc .\CortexM0\ARM_GCC_484\Debug\Jahresprojekt.a(CapSense_CSD.o)
                0x20000174                CapSense_CSD_csdStatusVar
                0x20000175                CapSense_CSD_sensorIndex
                0x20000178                CapSense_CSD_sensorRaw
                0x2000017c                CapSense_CSD_sensorEnableMask
 .bss           0x20000180       0x14 .\CortexM0\ARM_GCC_484\Debug\Jahresprojekt.a(CapSense_CSD_CSHL.o)
                0x20000180                CapSense_CSD_sensorBaseline
                0x20000184                CapSense_CSD_sensorBaselineLow
                0x20000188                CapSense_CSD_sensorSignal
                0x2000018c                CapSense_CSD_sensorOnMask
 .bss           0x20000194        0x1 .\CortexM0\ARM_GCC_484\Debug\Jahresprojekt.a(CapSense_CSD_INT.o)
 .bss           0x20000195        0x1 .\CortexM0\ARM_GCC_484\Debug\Jahresprojekt.a(PWM.o)
                0x20000195                PWM_initVar
 .bss           0x20000196        0x1 .\CortexM0\ARM_GCC_484\Debug\Jahresprojekt.a(PWM_R.o)
                0x20000196                PWM_R_initVar
 .bss           0x20000197        0x1 .\CortexM0\ARM_GCC_484\Debug\Jahresprojekt.a(PWM_G.o)
                0x20000197                PWM_G_initVar
 .bss           0x20000198        0x1 .\CortexM0\ARM_GCC_484\Debug\Jahresprojekt.a(PWM_B.o)
                0x20000198                PWM_B_initVar
 *fill*         0x20000199        0x3 
 .bss.__malloc_sbrk_start
                0x2000019c        0x4 c:/program files (x86)/cypress/psoc creator/3.1/psoc creator/import/gnu_cs/arm/4.8.4/bin/../lib/gcc/arm-none-eabi/4.8.4/../../../../arm-none-eabi/lib/armv6-m\libg_s.a(lib_a-nano-mallocr.o)
                0x2000019c                __malloc_sbrk_start
 .bss.__malloc_free_list
                0x200001a0        0x4 c:/program files (x86)/cypress/psoc creator/3.1/psoc creator/import/gnu_cs/arm/4.8.4/bin/../lib/gcc/arm-none-eabi/4.8.4/../../../../arm-none-eabi/lib/armv6-m\libg_s.a(lib_a-nano-mallocr.o)
                0x200001a0                __malloc_free_list
 *(COMMON)
 COMMON         0x200001a4        0x8 .\CortexM0\ARM_GCC_484\Debug\main.o
                0x200001a4                glob_sec_counter
                0x200001a8                glob_human_counter
 COMMON         0x200001ac        0x6 .\CortexM0\ARM_GCC_484\Debug\proximity.o
                0x200001ac                hue
                0x200001ae                proximityCounts
                0x200001b0                proximityMax
 *fill*         0x200001b2        0x2 
 COMMON         0x200001b4        0x9 .\CortexM0\ARM_GCC_484\Debug\Jahresprojekt.a(CapSense_CSD.o)
                0x200001b4                CapSense_CSD_csdTrim1
                0x200001b8                CapSense_CSD_sensorEnableMaskBackup
                0x200001bc                CapSense_CSD_unscannedSnsDriveMode
 *fill*         0x200001bd        0x3 
 COMMON         0x200001c0        0x5 .\CortexM0\ARM_GCC_484\Debug\Jahresprojekt.a(CapSense_CSD_CSHL.o)
                0x200001c0                CapSense_CSD_rawFilterData1
                0x200001c4                CapSense_CSD_lowBaselineResetCnt
 *fill*         0x200001c5        0x3 
 COMMON         0x200001c8        0x4 c:/program files (x86)/cypress/psoc creator/3.1/psoc creator/import/gnu_cs/arm/4.8.4/bin/../lib/gcc/arm-none-eabi/4.8.4/../../../../arm-none-eabi/lib/armv6-m\libg_s.a(lib_a-reent.o)
                0x200001c8                errno
                0x200001d0                . = ALIGN (0x8)
 *fill*         0x200001cc        0x4 
 *(.ram.b)
                0x200001d0                _end = .
                0x200001d0                __end = .
                0x200001d0                PROVIDE (end, .)
                0x200001d0                PROVIDE (__bss_end__, .)
                0x00002c58                __cy_region_init_ram = LOADADDR (.data)
                0x00000088                __cy_region_init_size_ram = (_edata - ADDR (.data))
                0x00000080                __cy_region_zero_size_ram = (_end - _edata)

.heap           0x200001d0       0x80 load address 0x00002ce0
                0x200001d0                . = _end
                0x20000250                . = (. + 0x80)
 *fill*         0x200001d0       0x80 
                0x20000250                __cy_heap_limit = .

.stack          0x20000c00      0x400
                0x20000c00                __cy_stack_limit = .
                0x20001000                . = (. + 0x400)
 *fill*         0x20000c00      0x400 
                0x00000001                ASSERT ((__cy_stack_limit >= __cy_heap_limit), region RAM overflowed with stack)

.cyloadermeta
 *(.cyloadermeta)

.cyloadablemeta
 *(.cyloadablemeta)

.cyflashprotect
                0x90400000       0x20
 *(.cyflashprotect)
 .cyflashprotect
                0x90400000       0x20 .\CortexM0\ARM_GCC_484\Debug\cymetadata.o
                0x90400000                cy_meta_flashprotect

.cymeta         0x90500000        0xc
 *(.cymeta)
 .cymeta        0x90500000        0xc .\CortexM0\ARM_GCC_484\Debug\cymetadata.o
                0x90500000                cy_metadata

.cychipprotect  0x90600000        0x4
 *(.cychipprotect)
 .cychipprotect
                0x90600000        0x4 .\CortexM0\ARM_GCC_484\Debug\cymetadata.o
                0x90600000                cy_meta_chipprotect

.rel.dyn        0x00002ce0        0x0 load address 0x90600004
 .rel.iplt      0x00000000        0x0 c:/program files (x86)/cypress/psoc creator/3.1/psoc creator/import/gnu_cs/arm/4.8.4/bin/../lib/gcc/arm-none-eabi/4.8.4/armv6-m/crtbegin.o

.stab
 *(.stab)

.stabstr
 *(.stabstr)

.debug
 *(.debug)

.line
 *(.line)

.debug_srcinfo
 *(.debug_srcinfo)

.debug_sfnames
 *(.debug_sfnames)

.debug_aranges  0x00000000      0xe30
 *(.debug_aranges)
 .debug_aranges
                0x00000000       0x20 .\CortexM0\ARM_GCC_484\Debug\main.o
 .debug_aranges
                0x00000020       0x38 .\CortexM0\ARM_GCC_484\Debug\CCR.o
 .debug_aranges
                0x00000058       0x28 .\CortexM0\ARM_GCC_484\Debug\proximity.o
 .debug_aranges
                0x00000080       0x48 .\CortexM0\ARM_GCC_484\Debug\LED_RGB.o
 .debug_aranges
                0x000000c8       0x18 .\CortexM0\ARM_GCC_484\Debug\cymetadata.o
 .debug_aranges
                0x000000e0       0x48 .\CortexM0\ARM_GCC_484\Debug\Cm0Start.o
 .debug_aranges
                0x00000128       0x60 .\CortexM0\ARM_GCC_484\Debug\Jahresprojekt.a(cyfitter_cfg.o)
 .debug_aranges
                0x00000188       0x68 .\CortexM0\ARM_GCC_484\Debug\Jahresprojekt.a(UART.o)
 .debug_aranges
                0x000001f0       0x40 .\CortexM0\ARM_GCC_484\Debug\Jahresprojekt.a(UART_UART.o)
 .debug_aranges
                0x00000230      0x110 .\CortexM0\ARM_GCC_484\Debug\Jahresprojekt.a(CapSense_CSD.o)
 .debug_aranges
                0x00000340       0xf0 .\CortexM0\ARM_GCC_484\Debug\Jahresprojekt.a(CapSense_CSD_CSHL.o)
 .debug_aranges
                0x00000430       0x20 .\CortexM0\ARM_GCC_484\Debug\Jahresprojekt.a(CapSense_CSD_INT.o)
 .debug_aranges
                0x00000450       0x40 .\CortexM0\ARM_GCC_484\Debug\Jahresprojekt.a(Pin_GreenLED.o)
 .debug_aranges
                0x00000490       0x80 .\CortexM0\ARM_GCC_484\Debug\Jahresprojekt.a(counter_isr.o)
 .debug_aranges
                0x00000510       0x28 .\CortexM0\ARM_GCC_484\Debug\Jahresprojekt.a(Counter_Controll_Register.o)
 .debug_aranges
                0x00000538       0x40 .\CortexM0\ARM_GCC_484\Debug\Jahresprojekt.a(Pin_BlueLED.o)
 .debug_aranges
                0x00000578       0x40 .\CortexM0\ARM_GCC_484\Debug\Jahresprojekt.a(Clock.o)
 .debug_aranges
                0x000005b8      0x158 .\CortexM0\ARM_GCC_484\Debug\Jahresprojekt.a(PWM.o)
 .debug_aranges
                0x00000710       0x40 .\CortexM0\ARM_GCC_484\Debug\Jahresprojekt.a(CapSense_CSD_SampleClk.o)
 .debug_aranges
                0x00000750       0x40 .\CortexM0\ARM_GCC_484\Debug\Jahresprojekt.a(CapSense_CSD_SenseClk.o)
 .debug_aranges
                0x00000790       0x20 .\CortexM0\ARM_GCC_484\Debug\Jahresprojekt.a(CyBootAsmGnu.o)
 .debug_aranges
                0x000007b0      0x230 .\CortexM0\ARM_GCC_484\Debug\Jahresprojekt.a(CyLib.o)
 .debug_aranges
                0x000009e0      0x158 .\CortexM0\ARM_GCC_484\Debug\Jahresprojekt.a(PWM_R.o)
 .debug_aranges
                0x00000b38      0x158 .\CortexM0\ARM_GCC_484\Debug\Jahresprojekt.a(PWM_G.o)
 .debug_aranges
                0x00000c90      0x158 .\CortexM0\ARM_GCC_484\Debug\Jahresprojekt.a(PWM_B.o)
 .debug_aranges
                0x00000de8       0x48 .\CortexM0\ARM_GCC_484\Debug\Jahresprojekt.a(UART_SPI_UART.o)

.debug_pubnames
 *(.debug_pubnames)

.debug_info     0x00000000     0x5865
 *(.debug_info .gnu.linkonce.wi.*)
 .debug_info    0x00000000      0x104 .\CortexM0\ARM_GCC_484\Debug\main.o
 .debug_info    0x00000104      0x150 .\CortexM0\ARM_GCC_484\Debug\CCR.o
 .debug_info    0x00000254      0x149 .\CortexM0\ARM_GCC_484\Debug\proximity.o
 .debug_info    0x0000039d      0x218 .\CortexM0\ARM_GCC_484\Debug\LED_RGB.o
 .debug_info    0x000005b5       0xfd .\CortexM0\ARM_GCC_484\Debug\cymetadata.o
 .debug_info    0x000006b2      0x2ff .\CortexM0\ARM_GCC_484\Debug\Cm0Start.o
 .debug_info    0x000009b1      0x477 .\CortexM0\ARM_GCC_484\Debug\Jahresprojekt.a(cyfitter_cfg.o)
 .debug_info    0x00000e28      0x1eb .\CortexM0\ARM_GCC_484\Debug\Jahresprojekt.a(UART.o)
 .debug_info    0x00001013      0x18c .\CortexM0\ARM_GCC_484\Debug\Jahresprojekt.a(UART_UART.o)
 .debug_info    0x0000119f      0x97e .\CortexM0\ARM_GCC_484\Debug\Jahresprojekt.a(CapSense_CSD.o)
 .debug_info    0x00001b1d      0x7e8 .\CortexM0\ARM_GCC_484\Debug\Jahresprojekt.a(CapSense_CSD_CSHL.o)
 .debug_info    0x00002305      0x11b .\CortexM0\ARM_GCC_484\Debug\Jahresprojekt.a(CapSense_CSD_INT.o)
 .debug_info    0x00002420      0x14c .\CortexM0\ARM_GCC_484\Debug\Jahresprojekt.a(Pin_GreenLED.o)
 .debug_info    0x0000256c      0x28c .\CortexM0\ARM_GCC_484\Debug\Jahresprojekt.a(counter_isr.o)
 .debug_info    0x000027f8       0xd6 .\CortexM0\ARM_GCC_484\Debug\Jahresprojekt.a(Counter_Controll_Register.o)
 .debug_info    0x000028ce      0x14c .\CortexM0\ARM_GCC_484\Debug\Jahresprojekt.a(Pin_BlueLED.o)
 .debug_info    0x00002a1a      0x14d .\CortexM0\ARM_GCC_484\Debug\Jahresprojekt.a(Clock.o)
 .debug_info    0x00002b67      0x6f0 .\CortexM0\ARM_GCC_484\Debug\Jahresprojekt.a(PWM.o)
 .debug_info    0x00003257      0x14d .\CortexM0\ARM_GCC_484\Debug\Jahresprojekt.a(CapSense_CSD_SampleClk.o)
 .debug_info    0x000033a4      0x14d .\CortexM0\ARM_GCC_484\Debug\Jahresprojekt.a(CapSense_CSD_SenseClk.o)
 .debug_info    0x000034f1       0x9d .\CortexM0\ARM_GCC_484\Debug\Jahresprojekt.a(CyBootAsmGnu.o)
 .debug_info    0x0000358e      0xc5b .\CortexM0\ARM_GCC_484\Debug\Jahresprojekt.a(CyLib.o)
 .debug_info    0x000041e9      0x6f0 .\CortexM0\ARM_GCC_484\Debug\Jahresprojekt.a(PWM_R.o)
 .debug_info    0x000048d9      0x6f0 .\CortexM0\ARM_GCC_484\Debug\Jahresprojekt.a(PWM_G.o)
 .debug_info    0x00004fc9      0x6f0 .\CortexM0\ARM_GCC_484\Debug\Jahresprojekt.a(PWM_B.o)
 .debug_info    0x000056b9      0x1ac .\CortexM0\ARM_GCC_484\Debug\Jahresprojekt.a(UART_SPI_UART.o)

.debug_abbrev   0x00000000     0x18c0
 *(.debug_abbrev)
 .debug_abbrev  0x00000000       0x83 .\CortexM0\ARM_GCC_484\Debug\main.o
 .debug_abbrev  0x00000083       0xa1 .\CortexM0\ARM_GCC_484\Debug\CCR.o
 .debug_abbrev  0x00000124       0xb9 .\CortexM0\ARM_GCC_484\Debug\proximity.o
 .debug_abbrev  0x000001dd       0xae .\CortexM0\ARM_GCC_484\Debug\LED_RGB.o
 .debug_abbrev  0x0000028b       0x5d .\CortexM0\ARM_GCC_484\Debug\cymetadata.o
 .debug_abbrev  0x000002e8      0x1b4 .\CortexM0\ARM_GCC_484\Debug\Cm0Start.o
 .debug_abbrev  0x0000049c      0x1b3 .\CortexM0\ARM_GCC_484\Debug\Jahresprojekt.a(cyfitter_cfg.o)
 .debug_abbrev  0x0000064f      0x122 .\CortexM0\ARM_GCC_484\Debug\Jahresprojekt.a(UART.o)
 .debug_abbrev  0x00000771       0xdd .\CortexM0\ARM_GCC_484\Debug\Jahresprojekt.a(UART_UART.o)
 .debug_abbrev  0x0000084e      0x174 .\CortexM0\ARM_GCC_484\Debug\Jahresprojekt.a(CapSense_CSD.o)
 .debug_abbrev  0x000009c2      0x193 .\CortexM0\ARM_GCC_484\Debug\Jahresprojekt.a(CapSense_CSD_CSHL.o)
 .debug_abbrev  0x00000b55       0x97 .\CortexM0\ARM_GCC_484\Debug\Jahresprojekt.a(CapSense_CSD_INT.o)
 .debug_abbrev  0x00000bec       0xb7 .\CortexM0\ARM_GCC_484\Debug\Jahresprojekt.a(Pin_GreenLED.o)
 .debug_abbrev  0x00000ca3      0x161 .\CortexM0\ARM_GCC_484\Debug\Jahresprojekt.a(counter_isr.o)
 .debug_abbrev  0x00000e04       0x8e .\CortexM0\ARM_GCC_484\Debug\Jahresprojekt.a(Counter_Controll_Register.o)
 .debug_abbrev  0x00000e92       0xb7 .\CortexM0\ARM_GCC_484\Debug\Jahresprojekt.a(Pin_BlueLED.o)
 .debug_abbrev  0x00000f49       0xb5 .\CortexM0\ARM_GCC_484\Debug\Jahresprojekt.a(Clock.o)
 .debug_abbrev  0x00000ffe      0x109 .\CortexM0\ARM_GCC_484\Debug\Jahresprojekt.a(PWM.o)
 .debug_abbrev  0x00001107       0xb5 .\CortexM0\ARM_GCC_484\Debug\Jahresprojekt.a(CapSense_CSD_SampleClk.o)
 .debug_abbrev  0x000011bc       0xb5 .\CortexM0\ARM_GCC_484\Debug\Jahresprojekt.a(CapSense_CSD_SenseClk.o)
 .debug_abbrev  0x00001271       0x14 .\CortexM0\ARM_GCC_484\Debug\Jahresprojekt.a(CyBootAsmGnu.o)
 .debug_abbrev  0x00001285      0x207 .\CortexM0\ARM_GCC_484\Debug\Jahresprojekt.a(CyLib.o)
 .debug_abbrev  0x0000148c      0x109 .\CortexM0\ARM_GCC_484\Debug\Jahresprojekt.a(PWM_R.o)
 .debug_abbrev  0x00001595      0x109 .\CortexM0\ARM_GCC_484\Debug\Jahresprojekt.a(PWM_G.o)
 .debug_abbrev  0x0000169e      0x109 .\CortexM0\ARM_GCC_484\Debug\Jahresprojekt.a(PWM_B.o)
 .debug_abbrev  0x000017a7      0x119 .\CortexM0\ARM_GCC_484\Debug\Jahresprojekt.a(UART_SPI_UART.o)

.debug_line     0x00000000     0x2ee6
 *(.debug_line)
 .debug_line    0x00000000      0x19d .\CortexM0\ARM_GCC_484\Debug\main.o
 .debug_line    0x0000019d      0x172 .\CortexM0\ARM_GCC_484\Debug\CCR.o
 .debug_line    0x0000030f       0xb1 .\CortexM0\ARM_GCC_484\Debug\proximity.o
 .debug_line    0x000003c0      0x10e .\CortexM0\ARM_GCC_484\Debug\LED_RGB.o
 .debug_line    0x000004ce       0x53 .\CortexM0\ARM_GCC_484\Debug\cymetadata.o
 .debug_line    0x00000521      0x1bb .\CortexM0\ARM_GCC_484\Debug\Cm0Start.o
 .debug_line    0x000006dc      0x1dc .\CortexM0\ARM_GCC_484\Debug\Jahresprojekt.a(cyfitter_cfg.o)
 .debug_line    0x000008b8      0x11f .\CortexM0\ARM_GCC_484\Debug\Jahresprojekt.a(UART.o)
 .debug_line    0x000009d7       0xce .\CortexM0\ARM_GCC_484\Debug\Jahresprojekt.a(UART_UART.o)
 .debug_line    0x00000aa5      0x3d8 .\CortexM0\ARM_GCC_484\Debug\Jahresprojekt.a(CapSense_CSD.o)
 .debug_line    0x00000e7d      0x334 .\CortexM0\ARM_GCC_484\Debug\Jahresprojekt.a(CapSense_CSD_CSHL.o)
 .debug_line    0x000011b1       0x95 .\CortexM0\ARM_GCC_484\Debug\Jahresprojekt.a(CapSense_CSD_INT.o)
 .debug_line    0x00001246       0xb2 .\CortexM0\ARM_GCC_484\Debug\Jahresprojekt.a(Pin_GreenLED.o)
 .debug_line    0x000012f8      0x26b .\CortexM0\ARM_GCC_484\Debug\Jahresprojekt.a(counter_isr.o)
 .debug_line    0x00001563       0x84 .\CortexM0\ARM_GCC_484\Debug\Jahresprojekt.a(Counter_Controll_Register.o)
 .debug_line    0x000015e7       0xb1 .\CortexM0\ARM_GCC_484\Debug\Jahresprojekt.a(Pin_BlueLED.o)
 .debug_line    0x00001698       0xae .\CortexM0\ARM_GCC_484\Debug\Jahresprojekt.a(Clock.o)
 .debug_line    0x00001746      0x372 .\CortexM0\ARM_GCC_484\Debug\Jahresprojekt.a(PWM.o)
 .debug_line    0x00001ab8       0xbf .\CortexM0\ARM_GCC_484\Debug\Jahresprojekt.a(CapSense_CSD_SampleClk.o)
 .debug_line    0x00001b77       0xbe .\CortexM0\ARM_GCC_484\Debug\Jahresprojekt.a(CapSense_CSD_SenseClk.o)
 .debug_line    0x00001c35       0x69 .\CortexM0\ARM_GCC_484\Debug\Jahresprojekt.a(CyBootAsmGnu.o)
 .debug_line    0x00001c9e      0x703 .\CortexM0\ARM_GCC_484\Debug\Jahresprojekt.a(CyLib.o)
 .debug_line    0x000023a1      0x375 .\CortexM0\ARM_GCC_484\Debug\Jahresprojekt.a(PWM_R.o)
 .debug_line    0x00002716      0x375 .\CortexM0\ARM_GCC_484\Debug\Jahresprojekt.a(PWM_G.o)
 .debug_line    0x00002a8b      0x375 .\CortexM0\ARM_GCC_484\Debug\Jahresprojekt.a(PWM_B.o)
 .debug_line    0x00002e00       0xe6 .\CortexM0\ARM_GCC_484\Debug\Jahresprojekt.a(UART_SPI_UART.o)

.debug_frame    0x00000000     0x3388
 *(.debug_frame)
 .debug_frame   0x00000000       0x30 .\CortexM0\ARM_GCC_484\Debug\main.o
 .debug_frame   0x00000030       0x94 .\CortexM0\ARM_GCC_484\Debug\CCR.o
 .debug_frame   0x000000c4       0x4c .\CortexM0\ARM_GCC_484\Debug\proximity.o
 .debug_frame   0x00000110       0xc8 .\CortexM0\ARM_GCC_484\Debug\LED_RGB.o
 .debug_frame   0x000001d8       0xc8 .\CortexM0\ARM_GCC_484\Debug\Cm0Start.o
 .debug_frame   0x000002a0      0x128 .\CortexM0\ARM_GCC_484\Debug\Jahresprojekt.a(cyfitter_cfg.o)
 .debug_frame   0x000003c8      0x134 .\CortexM0\ARM_GCC_484\Debug\Jahresprojekt.a(UART.o)
 .debug_frame   0x000004fc       0xac .\CortexM0\ARM_GCC_484\Debug\Jahresprojekt.a(UART_UART.o)
 .debug_frame   0x000005a8      0x3e8 .\CortexM0\ARM_GCC_484\Debug\Jahresprojekt.a(CapSense_CSD.o)
 .debug_frame   0x00000990      0x36c .\CortexM0\ARM_GCC_484\Debug\Jahresprojekt.a(CapSense_CSD_CSHL.o)
 .debug_frame   0x00000cfc       0x2c .\CortexM0\ARM_GCC_484\Debug\Jahresprojekt.a(CapSense_CSD_INT.o)
 .debug_frame   0x00000d28       0xa8 .\CortexM0\ARM_GCC_484\Debug\Jahresprojekt.a(Pin_GreenLED.o)
 .debug_frame   0x00000dd0      0x194 .\CortexM0\ARM_GCC_484\Debug\Jahresprojekt.a(counter_isr.o)
 .debug_frame   0x00000f64       0x4c .\CortexM0\ARM_GCC_484\Debug\Jahresprojekt.a(Counter_Controll_Register.o)
 .debug_frame   0x00000fb0       0xa8 .\CortexM0\ARM_GCC_484\Debug\Jahresprojekt.a(Pin_BlueLED.o)
 .debug_frame   0x00001058       0xa0 .\CortexM0\ARM_GCC_484\Debug\Jahresprojekt.a(Clock.o)
 .debug_frame   0x000010f8      0x52c .\CortexM0\ARM_GCC_484\Debug\Jahresprojekt.a(PWM.o)
 .debug_frame   0x00001624       0xa0 .\CortexM0\ARM_GCC_484\Debug\Jahresprojekt.a(CapSense_CSD_SampleClk.o)
 .debug_frame   0x000016c4       0xa0 .\CortexM0\ARM_GCC_484\Debug\Jahresprojekt.a(CapSense_CSD_SenseClk.o)
 .debug_frame   0x00001764      0x83c .\CortexM0\ARM_GCC_484\Debug\Jahresprojekt.a(CyLib.o)
 .debug_frame   0x00001fa0      0x52c .\CortexM0\ARM_GCC_484\Debug\Jahresprojekt.a(PWM_R.o)
 .debug_frame   0x000024cc      0x52c .\CortexM0\ARM_GCC_484\Debug\Jahresprojekt.a(PWM_G.o)
 .debug_frame   0x000029f8      0x52c .\CortexM0\ARM_GCC_484\Debug\Jahresprojekt.a(PWM_B.o)
 .debug_frame   0x00002f24       0xcc .\CortexM0\ARM_GCC_484\Debug\Jahresprojekt.a(UART_SPI_UART.o)
 .debug_frame   0x00002ff0       0x20 c:/program files (x86)/cypress/psoc creator/3.1/psoc creator/import/gnu_cs/arm/4.8.4/bin/../lib/gcc/arm-none-eabi/4.8.4/armv6-m\libgcc.a(_udivsi3.o)
 .debug_frame   0x00003010       0x20 c:/program files (x86)/cypress/psoc creator/3.1/psoc creator/import/gnu_cs/arm/4.8.4/bin/../lib/gcc/arm-none-eabi/4.8.4/armv6-m\libgcc.a(_divsi3.o)
 .debug_frame   0x00003030       0x20 c:/program files (x86)/cypress/psoc creator/3.1/psoc creator/import/gnu_cs/arm/4.8.4/bin/../lib/gcc/arm-none-eabi/4.8.4/../../../../arm-none-eabi/lib/armv6-m\libg_s.a(lib_a-errno.o)
 .debug_frame   0x00003050       0x28 c:/program files (x86)/cypress/psoc creator/3.1/psoc creator/import/gnu_cs/arm/4.8.4/bin/../lib/gcc/arm-none-eabi/4.8.4/../../../../arm-none-eabi/lib/armv6-m\libg_s.a(lib_a-exit.o)
 .debug_frame   0x00003078       0x2c c:/program files (x86)/cypress/psoc creator/3.1/psoc creator/import/gnu_cs/arm/4.8.4/bin/../lib/gcc/arm-none-eabi/4.8.4/../../../../arm-none-eabi/lib/armv6-m\libg_s.a(lib_a-init.o)
 .debug_frame   0x000030a4       0x28 c:/program files (x86)/cypress/psoc creator/3.1/psoc creator/import/gnu_cs/arm/4.8.4/bin/../lib/gcc/arm-none-eabi/4.8.4/../../../../arm-none-eabi/lib/armv6-m\libg_s.a(lib_a-memcpy-stub.o)
 .debug_frame   0x000030cc       0x20 c:/program files (x86)/cypress/psoc creator/3.1/psoc creator/import/gnu_cs/arm/4.8.4/bin/../lib/gcc/arm-none-eabi/4.8.4/../../../../arm-none-eabi/lib/armv6-m\libg_s.a(lib_a-memset.o)
 .debug_frame   0x000030ec       0x4c c:/program files (x86)/cypress/psoc creator/3.1/psoc creator/import/gnu_cs/arm/4.8.4/bin/../lib/gcc/arm-none-eabi/4.8.4/../../../../arm-none-eabi/lib/armv6-m\libg_s.a(lib_a-sprintf.o)
 .debug_frame   0x00003138       0x74 c:/program files (x86)/cypress/psoc creator/3.1/psoc creator/import/gnu_cs/arm/4.8.4/bin/../lib/gcc/arm-none-eabi/4.8.4/../../../../arm-none-eabi/lib/armv6-m\libg_s.a(lib_a-svfprintf.o)
 .debug_frame   0x000031ac       0x54 c:/program files (x86)/cypress/psoc creator/3.1/psoc creator/import/gnu_cs/arm/4.8.4/bin/../lib/gcc/arm-none-eabi/4.8.4/../../../../arm-none-eabi/lib/armv6-m\libg_s.a(lib_a-vfprintf_i.o)
 .debug_frame   0x00003200       0x20 c:/program files (x86)/cypress/psoc creator/3.1/psoc creator/import/gnu_cs/arm/4.8.4/bin/../lib/gcc/arm-none-eabi/4.8.4/../../../../arm-none-eabi/lib/armv6-m\libg_s.a(lib_a-memchr-stub.o)
 .debug_frame   0x00003220       0x2c c:/program files (x86)/cypress/psoc creator/3.1/psoc creator/import/gnu_cs/arm/4.8.4/bin/../lib/gcc/arm-none-eabi/4.8.4/../../../../arm-none-eabi/lib/armv6-m\libg_s.a(lib_a-memmove.o)
 .debug_frame   0x0000324c       0x2c c:/program files (x86)/cypress/psoc creator/3.1/psoc creator/import/gnu_cs/arm/4.8.4/bin/../lib/gcc/arm-none-eabi/4.8.4/../../../../arm-none-eabi/lib/armv6-m\libg_s.a(lib_a-nano-freer.o)
 .debug_frame   0x00003278       0x2c c:/program files (x86)/cypress/psoc creator/3.1/psoc creator/import/gnu_cs/arm/4.8.4/bin/../lib/gcc/arm-none-eabi/4.8.4/../../../../arm-none-eabi/lib/armv6-m\libg_s.a(lib_a-nano-mallocr.o)
 .debug_frame   0x000032a4       0x30 c:/program files (x86)/cypress/psoc creator/3.1/psoc creator/import/gnu_cs/arm/4.8.4/bin/../lib/gcc/arm-none-eabi/4.8.4/../../../../arm-none-eabi/lib/armv6-m\libg_s.a(lib_a-nano-reallocr.o)
 .debug_frame   0x000032d4       0x2c c:/program files (x86)/cypress/psoc creator/3.1/psoc creator/import/gnu_cs/arm/4.8.4/bin/../lib/gcc/arm-none-eabi/4.8.4/../../../../arm-none-eabi/lib/armv6-m\libg_s.a(lib_a-sbrkr.o)
 .debug_frame   0x00003300       0x20 c:/program files (x86)/cypress/psoc creator/3.1/psoc creator/import/gnu_cs/arm/4.8.4/bin/../lib/gcc/arm-none-eabi/4.8.4/../../../../arm-none-eabi/lib/armv6-m\libg_s.a(lib_a-strlen.o)
 .debug_frame   0x00003320       0x20 c:/program files (x86)/cypress/psoc creator/3.1/psoc creator/import/gnu_cs/arm/4.8.4/bin/../lib/gcc/arm-none-eabi/4.8.4/../../../../arm-none-eabi/lib/armv6-m\libg_s.a(lib_a-nano-msizer.o)
 .debug_frame   0x00003340       0x48 c:/program files (x86)/cypress/psoc creator/3.1/psoc creator/import/gnu_cs/arm/4.8.4/bin/../lib/gcc/arm-none-eabi/4.8.4/../../../../arm-none-eabi/lib/armv6-m\libg_s.a(lib_a-reent.o)

.debug_str      0x00000000     0x2fa9
 *(.debug_str)
 .debug_str     0x00000000      0x17c .\CortexM0\ARM_GCC_484\Debug\main.o
                                0x1c4 (size before relaxing)
 .debug_str     0x0000017c       0x66 .\CortexM0\ARM_GCC_484\Debug\CCR.o
                                0x1dd (size before relaxing)
 .debug_str     0x000001e2       0x89 .\CortexM0\ARM_GCC_484\Debug\proximity.o
                                0x1fd (size before relaxing)
 .debug_str     0x0000026b       0xf5 .\CortexM0\ARM_GCC_484\Debug\LED_RGB.o
                                0x277 (size before relaxing)
 .debug_str     0x00000360       0x5b .\CortexM0\ARM_GCC_484\Debug\cymetadata.o
                                0x1c9 (size before relaxing)
 .debug_str     0x000003bb      0x130 .\CortexM0\ARM_GCC_484\Debug\Cm0Start.o
                                0x2b7 (size before relaxing)
 .debug_str     0x000004eb      0x1ba .\CortexM0\ARM_GCC_484\Debug\Jahresprojekt.a(cyfitter_cfg.o)
                                0x378 (size before relaxing)
 .debug_str     0x000006a5      0x112 .\CortexM0\ARM_GCC_484\Debug\Jahresprojekt.a(UART.o)
                                0x29f (size before relaxing)
 .debug_str     0x000007b7       0xbd .\CortexM0\ARM_GCC_484\Debug\Jahresprojekt.a(UART_UART.o)
                                0x23a (size before relaxing)
 .debug_str     0x00000874      0x6d3 .\CortexM0\ARM_GCC_484\Debug\Jahresprojekt.a(CapSense_CSD.o)
                                0x86d (size before relaxing)
 .debug_str     0x00000f47      0x54a .\CortexM0\ARM_GCC_484\Debug\Jahresprojekt.a(CapSense_CSD_CSHL.o)
                                0x7ce (size before relaxing)
 .debug_str     0x00001491       0x56 .\CortexM0\ARM_GCC_484\Debug\Jahresprojekt.a(CapSense_CSD_INT.o)
                                0x246 (size before relaxing)
 .debug_str     0x000014e7       0xb4 .\CortexM0\ARM_GCC_484\Debug\Jahresprojekt.a(Pin_GreenLED.o)
                                0x22c (size before relaxing)
 .debug_str     0x0000159b      0x15b .\CortexM0\ARM_GCC_484\Debug\Jahresprojekt.a(counter_isr.o)
                                0x33f (size before relaxing)
 .debug_str     0x000016f6       0x7c .\CortexM0\ARM_GCC_484\Debug\Jahresprojekt.a(Counter_Controll_Register.o)
                                0x1e6 (size before relaxing)
 .debug_str     0x00001772       0x96 .\CortexM0\ARM_GCC_484\Debug\Jahresprojekt.a(Pin_BlueLED.o)
                                0x226 (size before relaxing)
 .debug_str     0x00001808       0xbf .\CortexM0\ARM_GCC_484\Debug\Jahresprojekt.a(Clock.o)
                                0x238 (size before relaxing)
 .debug_str     0x000018c7      0x399 .\CortexM0\ARM_GCC_484\Debug\Jahresprojekt.a(PWM.o)
                                0x51f (size before relaxing)
 .debug_str     0x00001c60       0xfd .\CortexM0\ARM_GCC_484\Debug\Jahresprojekt.a(CapSense_CSD_SampleClk.o)
                                0x29e (size before relaxing)
 .debug_str     0x00001d5d       0xf7 .\CortexM0\ARM_GCC_484\Debug\Jahresprojekt.a(CapSense_CSD_SenseClk.o)
                                0x298 (size before relaxing)
 .debug_str     0x00001e54      0x6f7 .\CortexM0\ARM_GCC_484\Debug\Jahresprojekt.a(CyLib.o)
                                0x8d0 (size before relaxing)
 .debug_str     0x0000254b      0x329 .\CortexM0\ARM_GCC_484\Debug\Jahresprojekt.a(PWM_R.o)
                                0x573 (size before relaxing)
 .debug_str     0x00002874      0x329 .\CortexM0\ARM_GCC_484\Debug\Jahresprojekt.a(PWM_G.o)
                                0x573 (size before relaxing)
 .debug_str     0x00002b9d      0x329 .\CortexM0\ARM_GCC_484\Debug\Jahresprojekt.a(PWM_B.o)
                                0x573 (size before relaxing)
 .debug_str     0x00002ec6       0xe3 .\CortexM0\ARM_GCC_484\Debug\Jahresprojekt.a(UART_SPI_UART.o)
                                0x269 (size before relaxing)

.debug_loc
 *(.debug_loc)

.debug_macinfo
 *(.debug_macinfo)

.debug_ranges   0x00000000      0xc78
 *(.debug_ranges)
 .debug_ranges  0x00000000       0x10 .\CortexM0\ARM_GCC_484\Debug\main.o
 .debug_ranges  0x00000010       0x28 .\CortexM0\ARM_GCC_484\Debug\CCR.o
 .debug_ranges  0x00000038       0x18 .\CortexM0\ARM_GCC_484\Debug\proximity.o
 .debug_ranges  0x00000050       0x38 .\CortexM0\ARM_GCC_484\Debug\LED_RGB.o
 .debug_ranges  0x00000088       0x38 .\CortexM0\ARM_GCC_484\Debug\Cm0Start.o
 .debug_ranges  0x000000c0       0x50 .\CortexM0\ARM_GCC_484\Debug\Jahresprojekt.a(cyfitter_cfg.o)
 .debug_ranges  0x00000110       0x58 .\CortexM0\ARM_GCC_484\Debug\Jahresprojekt.a(UART.o)
 .debug_ranges  0x00000168       0x30 .\CortexM0\ARM_GCC_484\Debug\Jahresprojekt.a(UART_UART.o)
 .debug_ranges  0x00000198      0x100 .\CortexM0\ARM_GCC_484\Debug\Jahresprojekt.a(CapSense_CSD.o)
 .debug_ranges  0x00000298       0xe0 .\CortexM0\ARM_GCC_484\Debug\Jahresprojekt.a(CapSense_CSD_CSHL.o)
 .debug_ranges  0x00000378       0x10 .\CortexM0\ARM_GCC_484\Debug\Jahresprojekt.a(CapSense_CSD_INT.o)
 .debug_ranges  0x00000388       0x30 .\CortexM0\ARM_GCC_484\Debug\Jahresprojekt.a(Pin_GreenLED.o)
 .debug_ranges  0x000003b8       0x70 .\CortexM0\ARM_GCC_484\Debug\Jahresprojekt.a(counter_isr.o)
 .debug_ranges  0x00000428       0x18 .\CortexM0\ARM_GCC_484\Debug\Jahresprojekt.a(Counter_Controll_Register.o)
 .debug_ranges  0x00000440       0x30 .\CortexM0\ARM_GCC_484\Debug\Jahresprojekt.a(Pin_BlueLED.o)
 .debug_ranges  0x00000470       0x30 .\CortexM0\ARM_GCC_484\Debug\Jahresprojekt.a(Clock.o)
 .debug_ranges  0x000004a0      0x148 .\CortexM0\ARM_GCC_484\Debug\Jahresprojekt.a(PWM.o)
 .debug_ranges  0x000005e8       0x30 .\CortexM0\ARM_GCC_484\Debug\Jahresprojekt.a(CapSense_CSD_SampleClk.o)
 .debug_ranges  0x00000618       0x30 .\CortexM0\ARM_GCC_484\Debug\Jahresprojekt.a(CapSense_CSD_SenseClk.o)
 .debug_ranges  0x00000648      0x220 .\CortexM0\ARM_GCC_484\Debug\Jahresprojekt.a(CyLib.o)
 .debug_ranges  0x00000868      0x148 .\CortexM0\ARM_GCC_484\Debug\Jahresprojekt.a(PWM_R.o)
 .debug_ranges  0x000009b0      0x148 .\CortexM0\ARM_GCC_484\Debug\Jahresprojekt.a(PWM_G.o)
 .debug_ranges  0x00000af8      0x148 .\CortexM0\ARM_GCC_484\Debug\Jahresprojekt.a(PWM_B.o)
 .debug_ranges  0x00000c40       0x38 .\CortexM0\ARM_GCC_484\Debug\Jahresprojekt.a(UART_SPI_UART.o)

.comment        0x00000000       0x70
 .comment       0x00000000       0x70 .\CortexM0\ARM_GCC_484\Debug\main.o
                                 0x71 (size before relaxing)
 .comment       0x00000000       0x71 .\CortexM0\ARM_GCC_484\Debug\CCR.o
 .comment       0x00000000       0x71 .\CortexM0\ARM_GCC_484\Debug\proximity.o
 .comment       0x00000000       0x71 .\CortexM0\ARM_GCC_484\Debug\LED_RGB.o
 .comment       0x00000000       0x71 .\CortexM0\ARM_GCC_484\Debug\cymetadata.o
 .comment       0x00000000       0x71 .\CortexM0\ARM_GCC_484\Debug\Cm0Start.o
 .comment       0x00000000       0x71 .\CortexM0\ARM_GCC_484\Debug\Jahresprojekt.a(cyfitter_cfg.o)
 .comment       0x00000000       0x71 .\CortexM0\ARM_GCC_484\Debug\Jahresprojekt.a(UART.o)
 .comment       0x00000000       0x71 .\CortexM0\ARM_GCC_484\Debug\Jahresprojekt.a(UART_UART.o)
 .comment       0x00000000       0x71 .\CortexM0\ARM_GCC_484\Debug\Jahresprojekt.a(CapSense_CSD.o)
 .comment       0x00000000       0x71 .\CortexM0\ARM_GCC_484\Debug\Jahresprojekt.a(CapSense_CSD_CSHL.o)
 .comment       0x00000000       0x71 .\CortexM0\ARM_GCC_484\Debug\Jahresprojekt.a(CapSense_CSD_INT.o)
 .comment       0x00000000       0x71 .\CortexM0\ARM_GCC_484\Debug\Jahresprojekt.a(Pin_GreenLED.o)
 .comment       0x00000000       0x71 .\CortexM0\ARM_GCC_484\Debug\Jahresprojekt.a(counter_isr.o)
 .comment       0x00000000       0x71 .\CortexM0\ARM_GCC_484\Debug\Jahresprojekt.a(Counter_Controll_Register.o)
 .comment       0x00000000       0x71 .\CortexM0\ARM_GCC_484\Debug\Jahresprojekt.a(Pin_BlueLED.o)
 .comment       0x00000000       0x71 .\CortexM0\ARM_GCC_484\Debug\Jahresprojekt.a(Clock.o)
 .comment       0x00000000       0x71 .\CortexM0\ARM_GCC_484\Debug\Jahresprojekt.a(PWM.o)
 .comment       0x00000000       0x71 .\CortexM0\ARM_GCC_484\Debug\Jahresprojekt.a(CapSense_CSD_SampleClk.o)
 .comment       0x00000000       0x71 .\CortexM0\ARM_GCC_484\Debug\Jahresprojekt.a(CapSense_CSD_SenseClk.o)
 .comment       0x00000000       0x71 .\CortexM0\ARM_GCC_484\Debug\Jahresprojekt.a(CyLib.o)
 .comment       0x00000000       0x71 .\CortexM0\ARM_GCC_484\Debug\Jahresprojekt.a(PWM_R.o)
 .comment       0x00000000       0x71 .\CortexM0\ARM_GCC_484\Debug\Jahresprojekt.a(PWM_G.o)
 .comment       0x00000000       0x71 .\CortexM0\ARM_GCC_484\Debug\Jahresprojekt.a(PWM_B.o)
 .comment       0x00000000       0x71 .\CortexM0\ARM_GCC_484\Debug\Jahresprojekt.a(UART_SPI_UART.o)

.debug_weaknames
 *(.debug_weaknames)

.debug_funcnames
 *(.debug_funcnames)

.debug_typenames
 *(.debug_typenames)

.debug_varnames
 *(.debug_varnames)

.note.gnu.arm.ident
 *(.note.gnu.arm.ident)

.ARM.attributes
                0x00000000       0x28
 *(.ARM.attributes)
 .ARM.attributes
                0x00000000       0x1e c:/program files (x86)/cypress/psoc creator/3.1/psoc creator/import/gnu_cs/arm/4.8.4/bin/../lib/gcc/arm-none-eabi/4.8.4/armv6-m/crti.o
 .ARM.attributes
                0x0000001e       0x2c c:/program files (x86)/cypress/psoc creator/3.1/psoc creator/import/gnu_cs/arm/4.8.4/bin/../lib/gcc/arm-none-eabi/4.8.4/armv6-m/crtbegin.o
 .ARM.attributes
                0x0000004a       0x1b c:/program files (x86)/cypress/psoc creator/3.1/psoc creator/import/gnu_cs/arm/4.8.4/bin/../lib/gcc/arm-none-eabi/4.8.4/../../../../arm-none-eabi/lib/armv6-m/crt0.o
 .ARM.attributes
                0x00000065       0x31 .\CortexM0\ARM_GCC_484\Debug\main.o
 .ARM.attributes
                0x00000096       0x31 .\CortexM0\ARM_GCC_484\Debug\CCR.o
 .ARM.attributes
                0x000000c7       0x31 .\CortexM0\ARM_GCC_484\Debug\proximity.o
 .ARM.attributes
                0x000000f8       0x31 .\CortexM0\ARM_GCC_484\Debug\LED_RGB.o
 .ARM.attributes
                0x00000129       0x31 .\CortexM0\ARM_GCC_484\Debug\cymetadata.o
 .ARM.attributes
                0x0000015a       0x31 .\CortexM0\ARM_GCC_484\Debug\Cm0Start.o
 .ARM.attributes
                0x0000018b       0x31 .\CortexM0\ARM_GCC_484\Debug\Jahresprojekt.a(cyfitter_cfg.o)
 .ARM.attributes
                0x000001bc       0x31 .\CortexM0\ARM_GCC_484\Debug\Jahresprojekt.a(UART.o)
 .ARM.attributes
                0x000001ed       0x31 .\CortexM0\ARM_GCC_484\Debug\Jahresprojekt.a(UART_UART.o)
 .ARM.attributes
                0x0000021e       0x31 .\CortexM0\ARM_GCC_484\Debug\Jahresprojekt.a(CapSense_CSD.o)
 .ARM.attributes
                0x0000024f       0x31 .\CortexM0\ARM_GCC_484\Debug\Jahresprojekt.a(CapSense_CSD_CSHL.o)
 .ARM.attributes
                0x00000280       0x31 .\CortexM0\ARM_GCC_484\Debug\Jahresprojekt.a(CapSense_CSD_INT.o)
 .ARM.attributes
                0x000002b1       0x31 .\CortexM0\ARM_GCC_484\Debug\Jahresprojekt.a(Pin_GreenLED.o)
 .ARM.attributes
                0x000002e2       0x31 .\CortexM0\ARM_GCC_484\Debug\Jahresprojekt.a(counter_isr.o)
 .ARM.attributes
                0x00000313       0x31 .\CortexM0\ARM_GCC_484\Debug\Jahresprojekt.a(Counter_Controll_Register.o)
 .ARM.attributes
                0x00000344       0x31 .\CortexM0\ARM_GCC_484\Debug\Jahresprojekt.a(Pin_BlueLED.o)
 .ARM.attributes
                0x00000375       0x31 .\CortexM0\ARM_GCC_484\Debug\Jahresprojekt.a(Clock.o)
 .ARM.attributes
                0x000003a6       0x31 .\CortexM0\ARM_GCC_484\Debug\Jahresprojekt.a(PWM.o)
 .ARM.attributes
                0x000003d7       0x31 .\CortexM0\ARM_GCC_484\Debug\Jahresprojekt.a(CapSense_CSD_SampleClk.o)
 .ARM.attributes
                0x00000408       0x31 .\CortexM0\ARM_GCC_484\Debug\Jahresprojekt.a(CapSense_CSD_SenseClk.o)
 .ARM.attributes
                0x00000439       0x21 .\CortexM0\ARM_GCC_484\Debug\Jahresprojekt.a(CyBootAsmGnu.o)
 .ARM.attributes
                0x0000045a       0x31 .\CortexM0\ARM_GCC_484\Debug\Jahresprojekt.a(CyLib.o)
 .ARM.attributes
                0x0000048b       0x31 .\CortexM0\ARM_GCC_484\Debug\Jahresprojekt.a(PWM_R.o)
 .ARM.attributes
                0x000004bc       0x31 .\CortexM0\ARM_GCC_484\Debug\Jahresprojekt.a(PWM_G.o)
 .ARM.attributes
                0x000004ed       0x31 .\CortexM0\ARM_GCC_484\Debug\Jahresprojekt.a(PWM_B.o)
 .ARM.attributes
                0x0000051e       0x31 .\CortexM0\ARM_GCC_484\Debug\Jahresprojekt.a(UART_SPI_UART.o)
 .ARM.attributes
                0x0000054f       0x1e c:/program files (x86)/cypress/psoc creator/3.1/psoc creator/import/gnu_cs/arm/4.8.4/bin/../lib/gcc/arm-none-eabi/4.8.4/armv6-m\libgcc.a(_udivsi3.o)
 .ARM.attributes
                0x0000056d       0x1e c:/program files (x86)/cypress/psoc creator/3.1/psoc creator/import/gnu_cs/arm/4.8.4/bin/../lib/gcc/arm-none-eabi/4.8.4/armv6-m\libgcc.a(_divsi3.o)
 .ARM.attributes
                0x0000058b       0x1e c:/program files (x86)/cypress/psoc creator/3.1/psoc creator/import/gnu_cs/arm/4.8.4/bin/../lib/gcc/arm-none-eabi/4.8.4/armv6-m\libgcc.a(_dvmd_tls.o)
 .ARM.attributes
                0x000005a9       0x2c c:/program files (x86)/cypress/psoc creator/3.1/psoc creator/import/gnu_cs/arm/4.8.4/bin/../lib/gcc/arm-none-eabi/4.8.4/../../../../arm-none-eabi/lib/armv6-m\libg_s.a(lib_a-errno.o)
 .ARM.attributes
                0x000005d5       0x2c c:/program files (x86)/cypress/psoc creator/3.1/psoc creator/import/gnu_cs/arm/4.8.4/bin/../lib/gcc/arm-none-eabi/4.8.4/../../../../arm-none-eabi/lib/armv6-m\libg_s.a(lib_a-exit.o)
 .ARM.attributes
                0x00000601       0x2c c:/program files (x86)/cypress/psoc creator/3.1/psoc creator/import/gnu_cs/arm/4.8.4/bin/../lib/gcc/arm-none-eabi/4.8.4/../../../../arm-none-eabi/lib/armv6-m\libg_s.a(lib_a-impure.o)
 .ARM.attributes
                0x0000062d       0x2c c:/program files (x86)/cypress/psoc creator/3.1/psoc creator/import/gnu_cs/arm/4.8.4/bin/../lib/gcc/arm-none-eabi/4.8.4/../../../../arm-none-eabi/lib/armv6-m\libg_s.a(lib_a-init.o)
 .ARM.attributes
                0x00000659       0x2c c:/program files (x86)/cypress/psoc creator/3.1/psoc creator/import/gnu_cs/arm/4.8.4/bin/../lib/gcc/arm-none-eabi/4.8.4/../../../../arm-none-eabi/lib/armv6-m\libg_s.a(lib_a-memcpy-stub.o)
 .ARM.attributes
                0x00000685       0x2c c:/program files (x86)/cypress/psoc creator/3.1/psoc creator/import/gnu_cs/arm/4.8.4/bin/../lib/gcc/arm-none-eabi/4.8.4/../../../../arm-none-eabi/lib/armv6-m\libg_s.a(lib_a-memset.o)
 .ARM.attributes
                0x000006b1       0x2c c:/program files (x86)/cypress/psoc creator/3.1/psoc creator/import/gnu_cs/arm/4.8.4/bin/../lib/gcc/arm-none-eabi/4.8.4/../../../../arm-none-eabi/lib/armv6-m\libg_s.a(lib_a-sprintf.o)
 .ARM.attributes
                0x000006dd       0x2c c:/program files (x86)/cypress/psoc creator/3.1/psoc creator/import/gnu_cs/arm/4.8.4/bin/../lib/gcc/arm-none-eabi/4.8.4/../../../../arm-none-eabi/lib/armv6-m\libg_s.a(lib_a-svfprintf.o)
 .ARM.attributes
                0x00000709       0x2c c:/program files (x86)/cypress/psoc creator/3.1/psoc creator/import/gnu_cs/arm/4.8.4/bin/../lib/gcc/arm-none-eabi/4.8.4/../../../../arm-none-eabi/lib/armv6-m\libg_s.a(lib_a-vfprintf_i.o)
 .ARM.attributes
                0x00000735       0x2c c:/program files (x86)/cypress/psoc creator/3.1/psoc creator/import/gnu_cs/arm/4.8.4/bin/../lib/gcc/arm-none-eabi/4.8.4/../../../../arm-none-eabi/lib/armv6-m\libg_s.a(lib_a-memchr-stub.o)
 .ARM.attributes
                0x00000761       0x2c c:/program files (x86)/cypress/psoc creator/3.1/psoc creator/import/gnu_cs/arm/4.8.4/bin/../lib/gcc/arm-none-eabi/4.8.4/../../../../arm-none-eabi/lib/armv6-m\libg_s.a(lib_a-memmove.o)
 .ARM.attributes
                0x0000078d       0x2c c:/program files (x86)/cypress/psoc creator/3.1/psoc creator/import/gnu_cs/arm/4.8.4/bin/../lib/gcc/arm-none-eabi/4.8.4/../../../../arm-none-eabi/lib/armv6-m\libg_s.a(lib_a-nano-freer.o)
 .ARM.attributes
                0x000007b9       0x2c c:/program files (x86)/cypress/psoc creator/3.1/psoc creator/import/gnu_cs/arm/4.8.4/bin/../lib/gcc/arm-none-eabi/4.8.4/../../../../arm-none-eabi/lib/armv6-m\libg_s.a(lib_a-nano-mallocr.o)
 .ARM.attributes
                0x000007e5       0x2c c:/program files (x86)/cypress/psoc creator/3.1/psoc creator/import/gnu_cs/arm/4.8.4/bin/../lib/gcc/arm-none-eabi/4.8.4/../../../../arm-none-eabi/lib/armv6-m\libg_s.a(lib_a-nano-reallocr.o)
 .ARM.attributes
                0x00000811       0x2c c:/program files (x86)/cypress/psoc creator/3.1/psoc creator/import/gnu_cs/arm/4.8.4/bin/../lib/gcc/arm-none-eabi/4.8.4/../../../../arm-none-eabi/lib/armv6-m\libg_s.a(lib_a-sbrkr.o)
 .ARM.attributes
                0x0000083d       0x2c c:/program files (x86)/cypress/psoc creator/3.1/psoc creator/import/gnu_cs/arm/4.8.4/bin/../lib/gcc/arm-none-eabi/4.8.4/../../../../arm-none-eabi/lib/armv6-m\libg_s.a(lib_a-strlen.o)
 .ARM.attributes
                0x00000869       0x2c c:/program files (x86)/cypress/psoc creator/3.1/psoc creator/import/gnu_cs/arm/4.8.4/bin/../lib/gcc/arm-none-eabi/4.8.4/../../../../arm-none-eabi/lib/armv6-m\libg_s.a(lib_a-nano-msizer.o)
 .ARM.attributes
                0x00000895       0x2c c:/program files (x86)/cypress/psoc creator/3.1/psoc creator/import/gnu_cs/arm/4.8.4/bin/../lib/gcc/arm-none-eabi/4.8.4/../../../../arm-none-eabi/lib/armv6-m\libg_s.a(lib_a-reent.o)
 .ARM.attributes
                0x000008c1       0x2c c:/program files (x86)/cypress/psoc creator/3.1/psoc creator/import/gnu_cs/arm/4.8.4/bin/../lib/gcc/arm-none-eabi/4.8.4/armv6-m/crtend.o
 .ARM.attributes
                0x000008ed       0x1e c:/program files (x86)/cypress/psoc creator/3.1/psoc creator/import/gnu_cs/arm/4.8.4/bin/../lib/gcc/arm-none-eabi/4.8.4/armv6-m/crtn.o

/DISCARD/
 *(.note.GNU-stack)
OUTPUT(.\CortexM0\ARM_GCC_484\Debug\Jahresprojekt.elf elf32-littlearm)
